[2026-05-14 15:07:39] ===== 開始抓取 2026-05-14 =====
[2026-05-14 15:07:42] 月營收 [listed] OK - 1062 筆
[2026-05-14 15:07:42] 損益表 [listed] OK - 691 筆
[2026-05-14 15:07:44] 法人上市 [20260514] OK - 1320 筆
[2026-05-14 15:07:45] 月營收 [otc] OK - 887 筆
[2026-05-14 15:07:45] 法人上櫃 [20260514] OK - 933 筆
[2026-05-14 15:07:45] 法人已存 → /home/runner/work/stock/stock/data/institution/institution_20260514.json
[2026-05-14 15:07:45] 月營收 [emerging] OK - 347 筆
[2026-05-14 15:07:45] 月營收已存 → /home/runner/work/stock/stock/data/revenue/revenue_2026_05.json
[2026-05-14 15:07:48] 損益表 [otc] OK - 553 筆
[2026-05-14 15:07:48] 損益表 [emerging] OK - 9 筆
[2026-05-14 15:07:48] 損益表已存 → /home/runner/work/stock/stock/data/income/income_2026_Q2.json
[2026-05-14 15:07:48] ===== 完成 =====
[2026-05-14 15:07:48] 資料目錄: /home/runner/work/stock/stock/data
[2026-05-15 04:15:05] ===== 開始抓取 2026-05-15 =====
[2026-05-15 04:15:08] 月營收 [listed] OK - 1063 筆
[2026-05-15 04:15:08] 損益表 [listed] OK - 891 筆
[2026-05-15 04:15:09] 法人上市 [20260515] 非交易日或無資料
[2026-05-15 04:15:10] 法人上櫃 [20260515] OK - 0 筆
[2026-05-15 04:15:10] 法人已存 → /home/runner/work/stock/stock/data/institution/institution_20260515.json
[2026-05-15 04:15:11] 損益表 [otc] ERROR - IncompleteRead(294518 bytes read, 442473 more expected)
[2026-05-15 04:15:12] 月營收 [otc] OK - 887 筆
[2026-05-15 04:15:13] 損益表 [emerging] OK - 9 筆
[2026-05-15 04:15:13] 損益表已存 → /home/runner/work/stock/stock/data/income/income_2026_Q2.json
[2026-05-15 04:15:17] 月營收 [emerging] OK - 347 筆
[2026-05-15 04:15:17] 月營收已存 → /home/runner/work/stock/stock/data/revenue/revenue_2026_05.json
[2026-05-15 04:15:17] ===== 完成 =====
[2026-05-15 04:15:17] 資料目錄: /home/runner/work/stock/stock/data
[2026-05-18 04:39:01] ===== 開始抓取 2026-05-18 =====
[2026-05-18 04:39:03] 法人上市 [20260518] 非交易日或無資料
[2026-05-18 04:39:04] 月營收 [listed] OK - 1078 筆
[2026-05-18 04:39:04] 法人上櫃 [20260518] OK - 0 筆
[2026-05-18 04:39:04] 法人已存 → /home/runner/work/stock/stock/data/institution/institution_20260518.json
[2026-05-18 04:39:05] 損益表 [listed] OK - 1039 筆
[2026-05-18 04:39:07] 月營收 [otc] OK - 887 筆
[2026-05-18 04:39:12] 月營收 [emerging] OK - 349 筆
[2026-05-18 04:39:12] 月營收已存 → /home/runner/work/stock/stock/data/revenue/revenue_2026_05.json
[2026-05-18 04:39:23] 損益表 [otc] OK - 880 筆
[2026-05-18 04:39:23] 損益表 [emerging] OK - 31 筆
[2026-05-18 04:39:23] 損益表已存 → /home/runner/work/stock/stock/data/income/income_2026_Q2.json
[2026-05-18 04:39:23] ===== 完成 =====
[2026-05-18 04:39:23] 資料目錄: /home/runner/work/stock/stock/data
[2026-05-19 04:21:59] ===== 開始抓取 2026-05-19 =====
[2026-05-19 04:22:01] 月營收 [listed] OK - 1078 筆
[2026-05-19 04:22:01] 損益表 [listed] OK - 1040 筆
[2026-05-19 04:22:02] 法人上市 [20260519] 非交易日或無資料
[2026-05-19 04:22:03] 法人上櫃 [20260519] OK - 0 筆
[2026-05-19 04:22:03] 法人已存 → /home/runner/work/stock/stock/data/institution/institution_20260519.json
[2026-05-19 04:22:04] 月營收 [otc] OK - 887 筆
[2026-05-19 04:22:04] 損益表 [otc] OK - 880 筆
[2026-05-19 04:22:05] 損益表 [emerging] OK - 31 筆
[2026-05-19 04:22:05] 損益表已存 → /home/runner/work/stock/stock/data/income/income_2026_Q2.json
[2026-05-19 04:22:06] 月營收 [emerging] OK - 349 筆
[2026-05-19 04:22:06] 月營收已存 → /home/runner/work/stock/stock/data/revenue/revenue_2026_05.json
[2026-05-19 04:22:06] ===== 完成 =====
[2026-05-19 04:22:06] 資料目錄: /home/runner/work/stock/stock/data
[2026-05-20 04:32:04] ===== 開始抓取 2026-05-20 =====
[2026-05-20 04:32:07] 法人上市 [20260520] 非交易日或無資料
[2026-05-20 04:32:07] 月營收 [listed] OK - 1078 筆
[2026-05-20 04:32:07] 法人上櫃 [20260520] OK - 0 筆
[2026-05-20 04:32:07] 法人已存 → /home/runner/work/stock/stock/data/institution/institution_20260520.json
[2026-05-20 04:32:08] 月營收 [otc] OK - 887 筆
[2026-05-20 04:32:09] 月營收 [emerging] OK - 349 筆
[2026-05-20 04:32:09] 月營收已存 → /home/runner/work/stock/stock/data/revenue/revenue_2026_05.json
[2026-05-20 04:32:11] 損益表 [listed] OK - 1040 筆
[2026-05-20 04:32:13] 損益表 [otc] OK - 880 筆
[2026-05-20 04:32:14] 損益表 [emerging] OK - 30 筆
[2026-05-20 04:32:14] 損益表已存 → /home/runner/work/stock/stock/data/income/income_2026_Q2.json
[2026-05-20 04:32:14] ===== 完成 =====
[2026-05-20 04:32:14] 資料目錄: /home/runner/work/stock/stock/data
[2026-05-20 08:17:01] ===== 開始抓取 2026-05-20 =====
[2026-05-20 08:17:03] 月營收 [listed] OK - 1078 筆
[2026-05-20 08:17:04] 損益表 [listed] OK - 1040 筆
[2026-05-20 08:17:04] 法人上市 [20260520] OK - 1316 筆
[2026-05-20 08:17:06] 法人上櫃 [20260520] OK - 918 筆
[2026-05-20 08:17:06] 法人已存 → /home/runner/work/stock/stock/data/institution/institution_20260520.json
[2026-05-20 08:17:07] 月營收 [otc] OK - 887 筆
[2026-05-20 08:17:09] 損益表 [otc] OK - 880 筆
[2026-05-20 08:17:10] 損益表 [emerging] OK - 30 筆
[2026-05-20 08:17:10] 損益表已存 → /home/runner/work/stock/stock/data/income/income_2026_Q2.json
[2026-05-20 08:17:12] 月營收 [emerging] OK - 349 筆
[2026-05-20 08:17:12] 月營收已存 → /home/runner/work/stock/stock/data/revenue/revenue_2026_05.json
[2026-05-20 08:17:12] ===== 完成 =====
[2026-05-20 08:17:12] 資料目錄: /home/runner/work/stock/stock/data
[2026-05-20 12:30:35] ===== 開始抓取 2026-05-20 =====
[2026-05-20 12:30:37] 月營收 [listed] OK - 1078 筆
[2026-05-20 12:30:37] 損益表 [listed] OK - 1040 筆
[2026-05-20 12:30:38] 月營收 [otc] OK - 887 筆
[2026-05-20 12:30:38] 法人上市 [20260520] OK - 1319 筆
[2026-05-20 12:30:39] 法人上櫃 [20260520] OK - 918 筆
[2026-05-20 12:30:39] 法人已存 → /home/runner/work/stock/stock/data/institution/institution_20260520.json
[2026-05-20 12:30:40] 月營收 [emerging] OK - 349 筆
[2026-05-20 12:30:40] 月營收已存 → /home/runner/work/stock/stock/data/revenue/revenue_2026_05.json
[2026-05-20 12:30:43] 損益表 [otc] OK - 880 筆
[2026-05-20 12:30:43] 損益表 [emerging] OK - 30 筆
[2026-05-20 12:30:43] 損益表已存 → /home/runner/work/stock/stock/data/income/income_2026_Q2.json
[2026-05-20 12:30:43] ===== 完成 =====
[2026-05-20 12:30:43] 資料目錄: /home/runner/work/stock/stock/data
[2026-05-21 12:49:32] ===== 開始抓取 2026-05-21 =====
[2026-05-21 12:49:35] 損益表 [listed] OK - 1041 筆
[2026-05-21 12:49:35] 月營收 [listed] OK - 1078 筆
[2026-05-21 12:49:37] 法人上市 [20260521] OK - 1317 筆
[2026-05-21 12:49:38] 法人上櫃 [20260521] OK - 925 筆
[2026-05-21 12:49:38] 法人已存 → /home/runner/work/stock/stock/data/institution/institution_20260521.json
[2026-05-21 12:49:39] 月營收 [otc] OK - 887 筆
[2026-05-21 12:49:39] 月營收 [emerging] OK - 349 筆
[2026-05-21 12:49:39] 月營收已存 → /home/runner/work/stock/stock/data/revenue/revenue_2026_05.json
[2026-05-21 12:49:44] 損益表 [otc] OK - 880 筆
[2026-05-21 12:49:51] 損益表 [emerging] OK - 29 筆
[2026-05-21 12:49:51] 損益表已存 → /home/runner/work/stock/stock/data/income/income_2026_Q2.json
[2026-05-21 12:49:51] ===== 完成 =====
[2026-05-21 12:49:51] 資料目錄: /home/runner/work/stock/stock/data
[2026-05-22 12:27:43] ===== 開始抓取 2026-05-22 =====
[2026-05-22 12:27:45] 月營收 [listed] OK - 1078 筆
[2026-05-22 12:27:46] 法人上市 [20260522] OK - 1320 筆
[2026-05-22 12:27:47] 法人上櫃 [20260522] OK - 925 筆
[2026-05-22 12:27:47] 法人已存 → /home/runner/work/stock/stock/data/institution/institution_20260522.json
[2026-05-22 12:27:48] 損益表 [listed] OK - 1041 筆
[2026-05-22 12:27:49] 月營收 [otc] OK - 887 筆
[2026-05-22 12:27:52] 損益表 [otc] OK - 880 筆
[2026-05-22 12:27:52] 月營收 [emerging] OK - 349 筆
[2026-05-22 12:27:52] 月營收已存 → /home/runner/work/stock/stock/data/revenue/revenue_2026_05.json
[2026-05-22 12:27:53] 損益表 [emerging] OK - 29 筆
[2026-05-22 12:27:53] 損益表已存 → /home/runner/work/stock/stock/data/income/income_2026_Q2.json
[2026-05-22 12:27:53] ===== 完成 =====
[2026-05-22 12:27:53] 資料目錄: /home/runner/work/stock/stock/data
[2026-05-25 13:34:37] ===== 開始抓取 2026-05-25 =====
[2026-05-25 13:34:39] 月營收 [listed] OK - 1078 筆
[2026-05-25 13:34:40] 損益表 [listed] OK - 1042 筆
[2026-05-25 13:34:42] 法人上市 [20260525] OK - 1321 筆
[2026-05-25 13:34:42] 月營收 [otc] OK - 887 筆
[2026-05-25 13:34:43] 月營收 [emerging] OK - 349 筆
[2026-05-25 13:34:43] 月營收已存 → /home/runner/work/stock/stock/data/revenue/revenue_2026_05.json
[2026-05-25 13:34:43] 法人上櫃 [20260525] OK - 935 筆
[2026-05-25 13:34:43] 法人已存 → /home/runner/work/stock/stock/data/institution/institution_20260525.json
[2026-05-25 13:34:43] 已刪除舊法人檔 → institution_20260514.json
[2026-05-25 13:34:43] 損益表 [otc] OK - 881 筆
[2026-05-25 13:34:44] 損益表 [emerging] OK - 27 筆
[2026-05-25 13:34:44] 損益表已存 → /home/runner/work/stock/stock/data/income/income_2026_Q2.json
[2026-05-25 13:34:44] ===== 完成 =====
[2026-05-25 13:34:44] 資料目錄: /home/runner/work/stock/stock/data
[2026-05-27 12:55:38] ===== 開始抓取 2026-05-27 =====
[2026-05-27 12:55:40] 法人上市 [20260527] 非交易日或無資料
[2026-05-27 12:55:41] 法人上櫃 [20260527] OK - 928 筆
[2026-05-27 12:55:41] 法人已存 → /home/runner/work/stock/stock/data/institution/institution_20260527.json
[2026-05-27 12:55:41] 已刪除舊法人檔 → institution_20260518.json
[2026-05-27 12:55:41] 已刪除舊法人檔 → institution_20260515.json
[2026-05-27 12:55:47] 月營收 [listed] OK - 1078 筆
[2026-05-27 12:55:49] 月營收 [otc] OK - 887 筆
[2026-05-27 12:55:51] 月營收 [emerging] OK - 349 筆
[2026-05-27 12:55:51] 月營收已存 → /home/runner/work/stock/stock/data/revenue/revenue_2026_05.json
[2026-05-27 12:55:56] 損益表 [listed] OK - 1042 筆
[2026-05-27 12:56:00] 損益表 [otc] OK - 882 筆
[2026-05-27 12:56:00] 損益表 [emerging] OK - 27 筆
[2026-05-27 12:56:00] 損益表已存 → /home/runner/work/stock/stock/data/income/income_2026_Q2.json
[2026-05-27 12:56:00] ===== 完成 =====
[2026-05-27 12:56:00] 資料目錄: /home/runner/work/stock/stock/data
[2026-05-28 13:58:09] ===== 開始抓取 2026-05-28 =====
[2026-05-28 13:58:10] 損益表 [listed] ERROR - Expecting value: line 1 column 1 (char 0)
[2026-05-28 13:58:10] 月營收 [listed] ERROR - Expecting value: line 1 column 1 (char 0)
[2026-05-28 13:58:11] 法人上市 [20260528] ERROR - HTTP Error 307: Temporary Redirect
[2026-05-28 13:58:13] 月營收 [otc] OK - 887 筆
[2026-05-28 13:58:14] 月營收 [emerging] OK - 349 筆
[2026-05-28 13:58:14] 月營收已存 → /home/runner/work/stock/stock/data/revenue/revenue_2026_05.json
[2026-05-28 13:58:17] 法人上櫃 [20260528] OK - 934 筆
[2026-05-28 13:58:17] 法人已存 → /home/runner/work/stock/stock/data/institution/institution_20260528.json
[2026-05-28 13:58:17] 已刪除舊法人檔 → institution_20260519.json
[2026-05-28 13:58:19] 損益表 [otc] OK - 882 筆
[2026-05-28 13:58:20] 損益表 [emerging] OK - 28 筆
[2026-05-28 13:58:20] 損益表已存 → /home/runner/work/stock/stock/data/income/income_2026_Q2.json
[2026-05-28 13:58:20] ===== 完成 =====
[2026-05-28 13:58:20] 資料目錄: /home/runner/work/stock/stock/data
[2026-05-29 12:49:49] ===== 開始抓取 2026-05-29 =====
[2026-05-29 12:49:52] 法人上市 [20260529] OK - 1320 筆
[2026-05-29 12:49:55] 月營收 [listed] OK - 1078 筆
[2026-05-29 12:49:57] 月營收 [otc] OK - 887 筆
[2026-05-29 12:49:57] 月營收 [emerging] OK - 349 筆
[2026-05-29 12:49:57] 月營收已存 → /home/runner/work/stock/stock/data/revenue/revenue_2026_05.json
[2026-05-29 12:49:58] 法人上櫃 [20260529] OK - 945 筆
[2026-05-29 12:49:58] 法人已存 → /home/runner/work/stock/stock/data/institution/institution_20260529.json
[2026-05-29 12:49:58] 已刪除舊法人檔 → institution_20260520.json
[2026-05-29 12:50:23] 損益表 [listed] OK - 1042 筆
[2026-05-29 12:50:26] 損益表 [otc] OK - 882 筆
[2026-05-29 12:50:27] 損益表 [emerging] OK - 28 筆
[2026-05-29 12:50:27] 損益表已存 → /home/runner/work/stock/stock/data/income/income_2026_Q2.json
[2026-05-29 12:50:27] ===== 完成 =====
[2026-05-29 12:50:27] 資料目錄: /home/runner/work/stock/stock/data
[2026-06-01 16:11:23] ===== 開始抓取 2026-06-01 =====
[2026-06-01 16:11:25] 月營收 [listed] OK - 1078 筆
[2026-06-01 16:11:26] 損益表 [listed] OK - 1043 筆
[2026-06-01 16:11:26] 價量上市 [20260601] OK - 1090 筆 TAIEX=45337.91
[2026-06-01 16:11:26] 法人上市 [20260601] OK - 1326 筆（第 1 次）
[2026-06-01 16:11:26] 月營收 [otc] OK - 887 筆
[2026-06-01 16:11:27] 法人上櫃 [20260601] OK - 942 筆（第 1 次）
[2026-06-01 16:11:27] 法人已存 → /home/runner/work/stock/stock/data/institution/institution_20260601.json
[2026-06-01 16:11:27] 已刪除舊法人檔 → institution_20260521.json
[2026-06-01 16:11:28] 月營收 [emerging] OK - 349 筆
[2026-06-01 16:11:28] 月營收已存 → /home/runner/work/stock/stock/data/revenue/revenue_2026_06.json
[2026-06-01 16:11:31] 損益表 [otc] OK - 881 筆
[2026-06-01 16:11:32] 價量上櫃 [20260601] OK - 879 筆
[2026-06-01 16:11:32] 價量已存 → /home/runner/work/stock/stock/data/price/price_20260601.json
[2026-06-01 16:11:32] 損益表 [emerging] OK - 27 筆
[2026-06-01 16:11:32] 損益表已存 → /home/runner/work/stock/stock/data/income/income_2026_Q2.json
[2026-06-01 16:11:32] ===== 完成 =====
[2026-06-01 16:11:32] 資料目錄: /home/runner/work/stock/stock/data
[2026-06-02 14:14:02] ===== 開始抓取 2026-06-02 =====
[2026-06-02 14:14:04] 法人上市 [20260602] 非交易日（很抱歉，沒有符合條件的資料!）
[2026-06-02 14:14:04] 法人上市 [20260602] 重試 4 次仍失敗 ❌
[2026-06-02 14:14:04] 價量上市 [20260602] OK - 1090 筆 TAIEX=45557.31
[2026-06-02 14:14:06] 月營收 [listed] OK - 1078 筆
[2026-06-02 14:14:06] 法人上櫃 [20260602] OK - 935 筆（第 1 次）
[2026-06-02 14:14:06] 法人已存 → /home/runner/work/stock/stock/data/institution/institution_20260602.json
[2026-06-02 14:14:06] 已刪除舊法人檔 → institution_20260522.json
[2026-06-02 14:14:09] 月營收 [otc] OK - 887 筆
[2026-06-02 14:14:10] 月營收 [emerging] OK - 349 筆
[2026-06-02 14:14:10] 月營收已存 → /home/runner/work/stock/stock/data/revenue/revenue_2026_06.json
[2026-06-02 14:14:15] 價量上櫃 [20260602] OK - 877 筆
[2026-06-02 14:14:15] 價量已存 → /home/runner/work/stock/stock/data/price/price_20260602.json
[2026-06-02 14:14:31] 損益表 [listed] OK - 1043 筆
[2026-06-02 14:14:34] 損益表 [otc] OK - 881 筆
[2026-06-02 14:14:35] 損益表 [emerging] OK - 27 筆
[2026-06-02 14:14:35] 損益表已存 → /home/runner/work/stock/stock/data/income/income_2026_Q2.json
[2026-06-02 14:14:35] ===== 完成 =====
[2026-06-02 14:14:35] 資料目錄: /home/runner/work/stock/stock/data
[2026-06-03 13:24:16] ===== 開始抓取 2026-06-03 =====
[2026-06-03 13:24:19] 價量上市 [20260603] OK - 1090 筆 TAIEX=46459.16
[2026-06-03 13:24:19] 法人上市 [20260603] OK - 1325 筆（第 1 次）
[2026-06-03 13:24:20] 月營收 [listed] OK - 1078 筆
[2026-06-03 13:24:22] 法人上櫃 [20260603] OK - 943 筆（第 1 次）
[2026-06-03 13:24:22] 法人已存 → /home/runner/work/stock/stock/data/institution/institution_20260603.json
[2026-06-03 13:24:22] 已刪除舊法人檔 → institution_20260525.json
[2026-06-03 13:24:22] 月營收 [otc] OK - 887 筆
[2026-06-03 13:24:24] 月營收 [emerging] OK - 349 筆
[2026-06-03 13:24:24] 月營收已存 → /home/runner/work/stock/stock/data/revenue/revenue_2026_06.json
[2026-06-03 13:24:24] 價量上櫃 [20260603] OK - 881 筆
[2026-06-03 13:24:24] 價量已存 → /home/runner/work/stock/stock/data/price/price_20260603.json
[2026-06-03 13:24:29] 損益表 [listed] OK - 1043 筆
[2026-06-03 13:24:32] 損益表 [otc] OK - 881 筆
[2026-06-03 13:24:33] 損益表 [emerging] OK - 27 筆
[2026-06-03 13:24:33] 損益表已存 → /home/runner/work/stock/stock/data/income/income_2026_Q2.json
[2026-06-03 13:24:33] ===== 完成 =====
[2026-06-03 13:24:33] 資料目錄: /home/runner/work/stock/stock/data
[2026-06-03 14:48:48] ===== 開始抓取 2026-06-03 =====
[2026-06-03 14:48:50] 月營收 [listed] OK - 1078 筆
[2026-06-03 14:48:51] 價量上市 [20260603] OK - 1090 筆 TAIEX=46459.16
[2026-06-03 14:48:51] 法人上市 [20260603] OK - 1325 筆（第 1 次）
[2026-06-03 14:48:52] 損益表 [listed] OK - 1043 筆
[2026-06-03 14:48:54] 法人上櫃 [20260603] OK - 943 筆（第 1 次）
[2026-06-03 14:48:54] 法人已存 → /home/runner/work/stock/stock/data/institution/institution_20260603.json
[2026-06-03 14:48:54] 月營收 [otc] OK - 887 筆
[2026-06-03 14:48:56] 月營收 [emerging] OK - 349 筆
[2026-06-03 14:48:56] 月營收已存 → /home/runner/work/stock/stock/data/revenue/revenue_2026_06.json
[2026-06-03 14:48:57] 損益表 [otc] OK - 881 筆
[2026-06-03 14:48:58] 價量上櫃 [20260603] OK - 881 筆
[2026-06-03 14:48:58] 價量已存 → /home/runner/work/stock/stock/data/price/price_20260603.json
[2026-06-03 14:48:59] 損益表 [emerging] OK - 27 筆
[2026-06-03 14:48:59] 損益表已存 → /home/runner/work/stock/stock/data/income/income_2026_Q2.json
[2026-06-03 14:48:59] ===== 完成 =====
[2026-06-03 14:48:59] 資料目錄: /home/runner/work/stock/stock/data
[2026-06-04 08:11:26] ===== 開始抓取 2026-06-04 =====
[2026-06-04 08:11:28] 法人上市 [20260604] OK - 1317 筆（第 1 次）
[2026-06-04 08:11:28] 價量上市 [20260604] OK - 1087 筆 TAIEX=45677.46
[2026-06-04 08:11:32] 法人上櫃 [20260604] OK - 921 筆（第 1 次）
[2026-06-04 08:11:32] 法人已存 → /home/runner/work/stock/stock/data/institution/institution_20260604.json
[2026-06-04 08:11:32] 已刪除舊法人檔 → institution_20260526.json
[2026-06-04 08:11:38] 價量上櫃 [20260604] OK - 876 筆
[2026-06-04 08:11:38] 價量已存 → /home/runner/work/stock/stock/data/price/price_20260604.json
[2026-06-04 08:12:21] 月營收 [listed] OK - 1078 筆
[2026-06-04 08:12:25] 月營收 [otc] OK - 887 筆
[2026-06-04 08:12:28] 月營收 [emerging] OK - 349 筆
[2026-06-04 08:12:28] 月營收已存 → /home/runner/work/stock/stock/data/revenue/revenue_2026_06.json
[2026-06-04 08:13:27] 損益表 [listed] OK - 1043 筆
[2026-06-04 08:13:33] 損益表 [otc] OK - 881 筆
[2026-06-04 08:13:33] 損益表 [emerging] OK - 27 筆
[2026-06-04 08:13:33] 損益表已存 → /home/runner/work/stock/stock/data/income/income_2026_Q2.json
[2026-06-04 08:13:33] ===== 完成 =====
[2026-06-04 08:13:33] 資料目錄: /home/runner/work/stock/stock/data
[2026-06-04 12:47:52] ===== 開始抓取 2026-06-04 =====
[2026-06-04 12:47:54] 法人上市 [20260604] OK - 1320 筆（第 1 次）
[2026-06-04 12:47:55] 價量上市 [20260604] OK - 1087 筆 TAIEX=45677.46
[2026-06-04 12:47:56] 法人上櫃 [20260604] OK - 921 筆（第 1 次）
[2026-06-04 12:47:56] 法人已存 → /home/runner/work/stock/stock/data/institution/institution_20260604.json
[2026-06-04 12:47:59] 月營收 [listed] OK - 1078 筆
[2026-06-04 12:48:03] 損益表 [listed] OK - 1043 筆
[2026-06-04 12:48:07] 損益表 [otc] OK - 881 筆
[2026-06-04 12:48:11] 損益表 [emerging] OK - 27 筆
[2026-06-04 12:48:11] 月營收 [otc] OK - 887 筆
[2026-06-04 12:48:11] 損益表已存 → /home/runner/work/stock/stock/data/income/income_2026_Q2.json
[2026-06-04 12:48:13] 月營收 [emerging] OK - 349 筆
[2026-06-04 12:48:13] 月營收已存 → /home/runner/work/stock/stock/data/revenue/revenue_2026_06.json
[2026-06-04 12:48:18] 價量上櫃 [20260604] OK - 876 筆
[2026-06-04 12:48:18] 價量已存 → /home/runner/work/stock/stock/data/price/price_20260604.json
[2026-06-04 12:48:18] ===== 完成 =====
[2026-06-04 12:48:18] 資料目錄: /home/runner/work/stock/stock/data
[2026-06-05 12:42:54] ===== 開始抓取 2026-06-05 =====
[2026-06-05 12:42:55] 法人上市 [20260605] OK - 1320 筆（第 1 次）
[2026-06-05 12:42:56] 價量上市 [20260605] OK - 1088 筆 TAIEX=45070.94
[2026-06-05 12:42:57] 月營收 [listed] OK - 1078 筆
[2026-06-05 12:42:58] 損益表 [listed] OK - 1043 筆
[2026-06-05 12:43:03] 損益表 [otc] OK - 882 筆
[2026-06-05 12:43:03] 損益表 [emerging] OK - 26 筆
[2026-06-05 12:43:03] 損益表已存 → /home/runner/work/stock/stock/data/income/income_2026_Q2.json
[2026-06-05 12:43:04] 月營收 [otc] OK - 887 筆
[2026-06-05 12:43:09] 月營收 [emerging] OK - 349 筆
[2026-06-05 12:43:09] 月營收已存 → /home/runner/work/stock/stock/data/revenue/revenue_2026_06.json
[2026-06-05 12:43:11] 法人上櫃 [20260605] OK - 927 筆（第 1 次）
[2026-06-05 12:43:11] 法人已存 → /home/runner/work/stock/stock/data/institution/institution_20260605.json
[2026-06-05 12:43:11] 已刪除舊法人檔 → institution_20260527.json
[2026-06-05 12:43:30] 價量上櫃 [20260605] OK - 877 筆
[2026-06-05 12:43:30] 價量已存 → /home/runner/work/stock/stock/data/price/price_20260605.json
[2026-06-05 12:43:30] ===== 完成 =====
[2026-06-05 12:43:30] 資料目錄: /home/runner/work/stock/stock/data
[2026-06-06 14:53:47] ===== START 2026-06-06 =====
[2026-06-06 14:53:49] Revenue listed OK 1078
[2026-06-06 14:53:49] Income listed OK 1043
[2026-06-06 14:53:49] Revenue otc OK 887
[2026-06-06 14:53:50] Revenue emerging OK 349
[2026-06-06 14:53:50] Revenue saved -> revenue_2026_06.json
[2026-06-06 14:53:51] Income otc OK 882
[2026-06-06 14:53:52] Income emerging OK 27
[2026-06-06 14:53:52] Income saved -> income_2026_Q2.json
[2026-06-06 14:53:52] ===== DONE =====
[2026-06-06 14:53:52] DATA_DIR = /home/runner/work/stock/stock/data
[2026-06-06 15:07:01] ===== START 2026-06-06 =====
[2026-06-06 15:07:03] Revenue listed OK 1078
[2026-06-06 15:07:03] Income listed OK 1043
[2026-06-06 15:07:06] Revenue otc OK 887
[2026-06-06 15:07:07] Income otc OK 882
[2026-06-06 15:07:08] Income emerging OK 27
[2026-06-06 15:07:08] Income saved -> income_2026_Q2.json
[2026-06-06 15:07:09] Revenue emerging OK 349
[2026-06-06 15:07:10] Revenue saved -> revenue_2026_06.json
[2026-06-06 15:07:10] ===== DONE =====
[2026-06-06 15:07:10] DATA_DIR = /home/runner/work/stock/stock/data
[2026-06-06 15:43:26] ===== 開始抓取 2026-06-06 =====
[2026-06-06 15:43:28] 價量上市 [20260606] 非交易日（stat=很抱歉，沒有符合條件的資料!）
[2026-06-06 15:43:28] 價量 [20260606] 上市無資料，視為非交易日，不存檔
[2026-06-06 15:43:29] 法人上市 [20260606] 非交易日（很抱歉，沒有符合條件的資料!）
[2026-06-06 15:43:29] 法人上市 [20260606] 重試 4 次仍失敗 ❌
[2026-06-06 15:43:29] 法人上櫃 [20260606] 第 1 次抓到 0 筆，重試中
[2026-06-06 15:43:44] 月營收 [listed] OK - 1078 筆
[2026-06-06 15:43:45] 法人上櫃 [20260606] 第 2 次抓到 0 筆，重試中
[2026-06-06 15:43:47] 月營收 [otc] OK - 887 筆
[2026-06-06 15:43:49] 月營收 [emerging] OK - 349 筆
[2026-06-06 15:43:49] 月營收已存 → /home/runner/work/stock/stock/data/revenue/revenue_2026_06.json
[2026-06-06 15:44:15] 法人上櫃 [20260606] 第 3 次抓到 0 筆，重試中
[2026-06-06 15:44:21] 損益表 [listed] OK - 1043 筆
[2026-06-06 15:44:25] 損益表 [otc] OK - 882 筆
[2026-06-06 15:44:25] 損益表 [emerging] OK - 27 筆
[2026-06-06 15:44:25] 損益表已存 → /home/runner/work/stock/stock/data/income/income_2026_Q2.json
[2026-06-06 15:45:01] 法人上櫃 [20260606] 第 4 次抓到 0 筆，重試中
[2026-06-06 15:45:01] 法人上櫃 [20260606] 重試 4 次仍失敗或非交易日 ❌
[2026-06-06 15:45:01] 法人 [20260606] 非交易日，不存檔
[2026-06-06 15:45:01] ===== 完成 =====
[2026-06-06 15:45:01] 資料目錄: /home/runner/work/stock/stock/data
[2026-06-06 15:47:08] ===== 開始抓取 2026-06-06 =====
[2026-06-06 15:47:08] 損益表 2026_Q2 已存在，跳過
[2026-06-06 15:47:09] 價量上市 [20260606] 非交易日（stat=很抱歉，沒有符合條件的資料!）
[2026-06-06 15:47:09] 法人上市 [20260606] 非交易日（很抱歉，沒有符合條件的資料!）
[2026-06-06 15:47:09] 價量 [20260606] 上市無資料，視為非交易日，不存檔
[2026-06-06 15:47:09] 法人上市 [20260606] 重試 4 次仍失敗 ❌
[2026-06-06 15:47:09] 法人上櫃 [20260606] 第 1 次抓到 0 筆，重試中
[2026-06-06 15:47:28] 月營收 [listed] OK - 1078 筆
[2026-06-06 15:47:29] 法人上櫃 [20260606] 第 2 次 ERROR - HTTP Error 520: <none>
[2026-06-06 15:47:30] 月營收 [otc] OK - 887 筆
[2026-06-06 15:47:34] 月營收 [emerging] ERROR - HTTP Error 520: <none>
[2026-06-06 15:47:34] 月營收已存 → /home/runner/work/stock/stock/data/revenue/revenue_2026_06.json
[2026-06-06 15:47:59] 法人上櫃 [20260606] 第 3 次抓到 0 筆，重試中
[2026-06-06 15:48:44] 法人上櫃 [20260606] 第 4 次抓到 0 筆，重試中
[2026-06-06 15:48:44] 法人上櫃 [20260606] 重試 4 次仍失敗或非交易日 ❌
[2026-06-06 15:48:44] 法人 [20260606] 非交易日，不存檔
[2026-06-06 15:48:44] ===== 完成 =====
[2026-06-06 15:48:44] 資料目錄: /home/runner/work/stock/stock/data
[2026-06-08 14:15:27] ===== 開始抓取 2026-06-08 =====
[2026-06-08 14:15:27] 損益表 2026_Q2 已存在，跳過
[2026-06-08 14:15:29] 法人上市 [20260608] OK - 1334 筆（第 1 次）
[2026-06-08 14:15:30] 價量上市 [20260608] OK - 1088 筆 TAIEX=43502.78
[2026-06-08 14:15:32] 月營收 [listed] OK - 1078 筆
[2026-06-08 14:15:34] 法人上櫃 [20260608] OK - 928 筆（第 1 次）
[2026-06-08 14:15:34] 法人已存 → /home/runner/work/stock/stock/data/institution/institution_20260608.json
[2026-06-08 14:15:35] 價量上櫃 [20260608] OK - 873 筆
[2026-06-08 14:15:35] 價量已存 → /home/runner/work/stock/stock/data/price/price_20260608.json
[2026-06-08 14:15:43] 月營收 [otc] OK - 887 筆
[2026-06-08 14:15:45] 月營收 [emerging] OK - 349 筆
[2026-06-08 14:15:45] 月營收已存 → /home/runner/work/stock/stock/data/revenue/revenue_2026_06.json
[2026-06-08 14:15:45] ===== 完成 =====
[2026-06-08 14:15:45] 資料目錄: /home/runner/work/stock/stock/data
[2026-06-09 12:43:20] ===== 開始抓取 2026-06-09 =====
[2026-06-09 12:43:20] 損益表 2026_Q2 已存在，跳過
[2026-06-09 12:43:22] 價量上市 [20260609] OK - 1089 筆 TAIEX=44704.44
[2026-06-09 12:43:22] 法人上市 [20260609] OK - 1329 筆（第 1 次）
[2026-06-09 12:43:22] 月營收 [listed] OK - 1078 筆
[2026-06-09 12:43:24] 法人上櫃 [20260609] OK - 918 筆（第 1 次）
[2026-06-09 12:43:24] 法人已存 → /home/runner/work/stock/stock/data/institution/institution_20260609.json
[2026-06-09 12:43:25] 月營收 [otc] OK - 887 筆
[2026-06-09 12:43:27] 月營收 [emerging] OK - 349 筆
[2026-06-09 12:43:27] 月營收已存 → /home/runner/work/stock/stock/data/revenue/revenue_2026_06.json
[2026-06-09 12:43:28] 價量上櫃 [20260609] OK - 872 筆
[2026-06-09 12:43:28] 價量已存 → /home/runner/work/stock/stock/data/price/price_20260609.json
[2026-06-09 12:43:28] ===== 完成 =====
[2026-06-09 12:43:28] 資料目錄: /home/runner/work/stock/stock/data
[2026-06-10 13:37:29] ===== 開始抓取 2026-06-10 =====
[2026-06-10 13:37:29] 損益表 2026_Q2 已存在，跳過
[2026-06-10 13:37:31] 月營收 [listed] OK - 1078 筆
[2026-06-10 13:37:31] 價量上市 [20260610] OK - 1088 筆 TAIEX=43225.54
[2026-06-10 13:37:33] 法人上市 [20260610] OK - 1329 筆（第 1 次）
[2026-06-10 13:37:35] 月營收 [otc] OK - 887 筆
[2026-06-10 13:37:36] 法人上櫃 [20260610] OK - 930 筆（第 1 次）
[2026-06-10 13:37:36] 法人已存 → /home/runner/work/stock/stock/data/institution/institution_20260610.json
[2026-06-10 13:37:37] 價量上櫃 [20260610] OK - 875 筆
[2026-06-10 13:37:37] 價量已存 → /home/runner/work/stock/stock/data/price/price_20260610.json
[2026-06-10 13:37:38] 月營收 [emerging] OK - 349 筆
[2026-06-10 13:37:38] 月營收已存 → /home/runner/work/stock/stock/data/revenue/revenue_2026_06.json
[2026-06-10 13:37:38] ===== 完成 =====
[2026-06-10 13:37:38] 資料目錄: /home/runner/work/stock/stock/data
[2026-06-11 14:04:49] ===== 開始抓取 2026-06-11 =====
[2026-06-11 14:04:49] 損益表 2026_Q2 已存在，跳過
[2026-06-11 14:04:51] 月營收 [listed] OK - 1078 筆
[2026-06-11 14:04:51] 價量上市 [20260611] OK - 1089 筆 TAIEX=43149.46
[2026-06-11 14:04:51] 法人上市 [20260611] OK - 1328 筆（第 1 次）
[2026-06-11 14:04:52] 法人上櫃 [20260611] OK - 914 筆（第 1 次）
[2026-06-11 14:04:52] 法人已存 → /home/runner/work/stock/stock/data/institution/institution_20260611.json
[2026-06-11 14:04:53] 月營收 [otc] OK - 888 筆
[2026-06-11 14:04:53] 月營收 [emerging] OK - 347 筆
[2026-06-11 14:04:53] 月營收已存 → /home/runner/work/stock/stock/data/revenue/revenue_2026_06.json
[2026-06-11 14:05:12] 價量上櫃 [20260611] OK - 878 筆
[2026-06-11 14:05:12] 價量已存 → /home/runner/work/stock/stock/data/price/price_20260611.json
[2026-06-11 14:05:12] ===== 完成 =====
[2026-06-11 14:05:12] 資料目錄: /home/runner/work/stock/stock/data
[2026-06-12 13:32:14] ===== 開始抓取 2026-06-12 =====
[2026-06-12 13:32:14] 損益表 2026_Q2 已存在，跳過
[2026-06-12 13:32:17] 價量上市 [20260612] OK - 1087 筆 TAIEX=44169.04
[2026-06-12 13:32:17] 法人上市 [20260612] OK - 1316 筆（第 1 次）
[2026-06-12 13:32:17] 月營收 [listed] OK - 1065 筆
[2026-06-12 13:32:21] 法人上櫃 [20260612] OK - 927 筆（第 1 次）
[2026-06-12 13:32:21] 法人已存 → /home/runner/work/stock/stock/data/institution/institution_20260612.json
[2026-06-12 13:32:23] 月營收 [otc] OK - 888 筆
[2026-06-12 13:32:25] 價量上櫃 [20260612] OK - 874 筆
[2026-06-12 13:32:25] 價量已存 → /home/runner/work/stock/stock/data/price/price_20260612.json
[2026-06-12 13:32:30] 月營收 [emerging] OK - 347 筆
[2026-06-12 13:32:30] 月營收已存 → /home/runner/work/stock/stock/data/revenue/revenue_2026_06.json
[2026-06-12 13:32:30] ===== 完成 =====
[2026-06-12 13:32:30] 資料目錄: /home/runner/work/stock/stock/data
[2026-06-15 15:51:15] ===== 開始抓取 2026-06-15 =====
[2026-06-15 15:51:15] 損益表 2026_Q2 已存在，跳過
[2026-06-15 15:51:15] 月營收 [listed] ERROR - Expecting value: line 1 column 1 (char 0)
[2026-06-15 15:51:16] 法人上市 [20260615] 第 1 次 ERROR - HTTP Error 307: Temporary Redirect
[2026-06-15 15:51:17] 價量上市 [20260615] OK - 1087 筆 TAIEX=45396.99
[2026-06-15 15:51:24] 月營收 [otc] OK - 889 筆
[2026-06-15 15:51:29] 月營收 [emerging] ERROR - HTTP Error 520: <none>
[2026-06-15 15:51:29] 月營收已存 → /home/runner/work/stock/stock/data/revenue/revenue_2026_06.json
[2026-06-15 15:51:31] 價量上櫃 [20260615] OK - 879 筆
[2026-06-15 15:51:31] 價量已存 → /home/runner/work/stock/stock/data/price/price_20260615.json
[2026-06-15 15:51:32] 法人上市 [20260615] 第 2 次 ERROR - HTTP Error 307: Temporary Redirect
[2026-06-15 15:52:03] 法人上市 [20260615] 第 3 次 ERROR - HTTP Error 307: Temporary Redirect
[2026-06-15 15:52:49] 法人上市 [20260615] 第 4 次 ERROR - HTTP Error 307: Temporary Redirect
[2026-06-15 15:52:49] 法人上市 [20260615] 重試 4 次仍失敗 ❌
[2026-06-15 15:52:54] 法人上櫃 [20260615] OK - 931 筆（第 1 次）
[2026-06-15 15:52:54] 法人已存 → /home/runner/work/stock/stock/data/institution/institution_20260615.json
[2026-06-15 15:52:54] ===== 完成 =====
[2026-06-15 15:52:54] 資料目錄: /home/runner/work/stock/stock/data
[2026-06-16 15:15:41] ===== 開始抓取 2026-06-16 =====
[2026-06-16 15:15:41] 損益表 2026_Q2 已存在，跳過
[2026-06-16 15:15:42] 法人上市 [20260616] OK - 1325 筆（第 1 次）
[2026-06-16 15:15:42] 價量上市 [20260616] OK - 1090 筆 TAIEX=45809.19
[2026-06-16 15:15:43] 月營收 [listed] OK - 1076 筆
[2026-06-16 15:15:44] 月營收 [otc] OK - 889 筆
[2026-06-16 15:15:44] 法人上櫃 [20260616] OK - 929 筆（第 1 次）
[2026-06-16 15:15:44] 法人已存 → /home/runner/work/stock/stock/data/institution/institution_20260616.json
[2026-06-16 15:15:45] 月營收 [emerging] OK - 348 筆
[2026-06-16 15:15:45] 月營收已存 → /home/runner/work/stock/stock/data/revenue/revenue_2026_06.json
[2026-06-16 15:15:46] 價量上櫃 [20260616] OK - 877 筆
[2026-06-16 15:15:46] 價量已存 → /home/runner/work/stock/stock/data/price/price_20260616.json
[2026-06-16 15:15:46] ===== 完成 =====
[2026-06-16 15:15:46] 資料目錄: /home/runner/work/stock/stock/data
[2026-06-17 13:48:01] ===== 開始抓取 2026-06-17 =====
[2026-06-17 13:48:01] 損益表 2026_Q2 已存在，跳過
[2026-06-17 13:48:03] 月營收 [listed] OK - 1082 筆
[2026-06-17 13:48:03] 價量上市 [20260617] OK - 1087 筆 TAIEX=45877.39
[2026-06-17 13:48:04] 法人上市 [20260617] OK - 1324 筆（第 1 次）
[2026-06-17 13:48:06] 法人上櫃 [20260617] OK - 918 筆（第 1 次）
[2026-06-17 13:48:06] 法人已存 → /home/runner/work/stock/stock/data/institution/institution_20260617.json
[2026-06-17 13:48:06] 已刪除舊法人檔 → institution_20260608.json
[2026-06-17 13:48:10] 月營收 [otc] OK - 890 筆
[2026-06-17 13:48:13] 價量上櫃 [20260617] OK - 875 筆
[2026-06-17 13:48:13] 價量已存 → /home/runner/work/stock/stock/data/price/price_20260617.json
[2026-06-17 13:48:15] 月營收 [emerging] OK - 349 筆
[2026-06-17 13:48:15] 月營收已存 → /home/runner/work/stock/stock/data/revenue/revenue_2026_06.json
[2026-06-17 13:48:15] ===== 完成 =====
[2026-06-17 13:48:15] 資料目錄: /home/runner/work/stock/stock/data
[2026-06-18 13:33:13] ===== 開始抓取 2026-06-18 =====
[2026-06-18 13:33:13] 損益表 2026_Q2 已存在，跳過
[2026-06-18 13:33:15] 價量上市 [20260618] OK - 1087 筆 TAIEX=46465.2
[2026-06-18 13:33:16] 月營收 [listed] OK - 1082 筆
[2026-06-18 13:33:16] 法人上市 [20260618] OK - 1318 筆（第 1 次）
[2026-06-18 13:33:17] 法人上櫃 [20260618] OK - 931 筆（第 1 次）
[2026-06-18 13:33:17] 法人已存 → /home/runner/work/stock/stock/data/institution/institution_20260618.json
[2026-06-18 13:33:17] 已刪除舊法人檔 → institution_20260609.json
[2026-06-18 13:33:20] 月營收 [otc] OK - 890 筆
[2026-06-18 13:33:22] 價量上櫃 [20260618] OK - 876 筆
[2026-06-18 13:33:22] 價量已存 → /home/runner/work/stock/stock/data/price/price_20260618.json
[2026-06-18 13:33:24] 月營收 [emerging] OK - 349 筆
[2026-06-18 13:33:24] 月營收已存 → /home/runner/work/stock/stock/data/revenue/revenue_2026_06.json
[2026-06-18 13:33:24] ===== 完成 =====
[2026-06-18 13:33:24] 資料目錄: /home/runner/work/stock/stock/data
[2026-06-19 13:39:39] ===== 開始抓取 2026-06-19 =====
[2026-06-19 13:39:39] 損益表 2026_Q2 已存在，跳過
[2026-06-19 13:39:40] 價量上市 [20260619] 非交易日（stat=很抱歉，沒有符合條件的資料!）
[2026-06-19 13:39:40] 價量 [20260619] 上市無資料，視為非交易日，不存檔
[2026-06-19 13:39:41] 法人上市 [20260619] 非交易日（很抱歉，沒有符合條件的資料!）
[2026-06-19 13:39:41] 法人上市 [20260619] 重試 4 次仍失敗 ❌
[2026-06-19 13:39:41] 月營收 [listed] OK - 1082 筆
[2026-06-19 13:39:43] 法人上櫃 [20260619] 第 1 次抓到 0 筆，重試中
[2026-06-19 13:39:44] 月營收 [otc] OK - 890 筆
[2026-06-19 13:39:46] 月營收 [emerging] OK - 349 筆
[2026-06-19 13:39:46] 月營收已存 → /home/runner/work/stock/stock/data/revenue/revenue_2026_06.json
[2026-06-19 13:39:58] 法人上櫃 [20260619] 第 2 次抓到 0 筆，重試中
[2026-06-19 13:40:29] 法人上櫃 [20260619] 第 3 次抓到 0 筆，重試中
[2026-06-19 13:41:15] 法人上櫃 [20260619] 第 4 次抓到 0 筆，重試中
[2026-06-19 13:41:15] 法人上櫃 [20260619] 重試 4 次仍失敗或非交易日 ❌
[2026-06-19 13:41:15] 法人 [20260619] 非交易日，不存檔
[2026-06-19 13:41:15] ===== 完成 =====
[2026-06-19 13:41:15] 資料目錄: /home/runner/work/stock/stock/data
[2026-06-22 15:27:23] ===== 開始抓取 2026-06-22 =====
[2026-06-22 15:27:23] 損益表 2026_Q2 已存在，跳過
[2026-06-22 15:27:25] 價量上市 [20260622] OK - 1089 筆 TAIEX=47741.51
[2026-06-22 15:27:25] 月營收 [listed] OK - 1082 筆
[2026-06-22 15:27:26] 法人上市 [20260622] OK - 1326 筆（第 1 次）
[2026-06-22 15:27:27] 月營收 [otc] ERROR - IncompleteRead(228991 bytes read, 263294 more expected)
[2026-06-22 15:27:28] 法人上櫃 [20260622] OK - 932 筆（第 1 次）
[2026-06-22 15:27:28] 法人已存 → /home/runner/work/stock/stock/data/institution/institution_20260622.json
[2026-06-22 15:27:28] 已刪除舊法人檔 → institution_20260610.json
[2026-06-22 15:27:29] 價量上櫃 [20260622] OK - 882 筆
[2026-06-22 15:27:29] 價量已存 → /home/runner/work/stock/stock/data/price/price_20260622.json
[2026-06-22 15:27:34] 月營收 [emerging] OK - 349 筆
[2026-06-22 15:27:35] 月營收已存 → /home/runner/work/stock/stock/data/revenue/revenue_2026_06.json
[2026-06-22 15:27:35] ===== 完成 =====
[2026-06-22 15:27:35] 資料目錄: /home/runner/work/stock/stock/data
[2026-06-23 12:39:53] ===== 開始抓取 2026-06-23 =====
[2026-06-23 12:39:53] 損益表 2026_Q2 已存在，跳過
[2026-06-23 12:39:55] 月營收 [listed] OK - 1082 筆
[2026-06-23 12:39:55] 價量上市 [20260623] OK - 1088 筆 TAIEX=47100.65
[2026-06-23 12:39:56] 法人上市 [20260623] OK - 1332 筆（第 1 次）
[2026-06-23 12:39:58] 法人上櫃 [20260623] OK - 931 筆（第 1 次）
[2026-06-23 12:39:58] 法人已存 → /home/runner/work/stock/stock/data/institution/institution_20260623.json
[2026-06-23 12:39:58] 已刪除舊法人檔 → institution_20260611.json
[2026-06-23 12:40:01] 月營收 [otc] OK - 890 筆
[2026-06-23 12:40:01] 價量上櫃 [20260623] OK - 875 筆
[2026-06-23 12:40:01] 價量已存 → /home/runner/work/stock/stock/data/price/price_20260623.json
[2026-06-23 12:40:07] 月營收 [emerging] OK - 349 筆
[2026-06-23 12:40:07] 月營收已存 → /home/runner/work/stock/stock/data/revenue/revenue_2026_06.json
[2026-06-23 12:40:07] ===== 完成 =====
[2026-06-23 12:40:07] 資料目錄: /home/runner/work/stock/stock/data
[2026-06-24 12:23:25] ===== 開始抓取 2026-06-24 =====
[2026-06-24 12:23:25] 損益表 2026_Q2 已存在，跳過
[2026-06-24 12:23:27] 月營收 [listed] OK - 1082 筆
[2026-06-24 12:23:27] 法人上市 [20260624] OK - 1325 筆（第 1 次）
[2026-06-24 12:23:27] 價量上市 [20260624] OK - 1088 筆 TAIEX=46043.6
[2026-06-24 12:23:29] 月營收 [otc] OK - 890 筆
[2026-06-24 12:23:30] 月營收 [emerging] OK - 349 筆
[2026-06-24 12:23:30] 月營收已存 → /home/runner/work/stock/stock/data/revenue/revenue_2026_06.json
[2026-06-24 12:23:31] 法人上櫃 [20260624] OK - 915 筆（第 1 次）
[2026-06-24 12:23:31] 法人已存 → /home/runner/work/stock/stock/data/institution/institution_20260624.json
[2026-06-24 12:23:31] 已刪除舊法人檔 → institution_20260612.json
[2026-06-24 12:23:32] 價量上櫃 [20260624] OK - 874 筆
[2026-06-24 12:23:32] 價量已存 → /home/runner/work/stock/stock/data/price/price_20260624.json
[2026-06-24 12:23:32] ===== 完成 =====
[2026-06-24 12:23:32] 資料目錄: /home/runner/work/stock/stock/data
[2026-06-25 12:27:20] ===== 開始抓取 2026-06-25 =====
[2026-06-25 12:27:20] 損益表 2026_Q2 已存在，跳過
[2026-06-25 12:27:22] 價量上市 [20260625] OK - 1085 筆 TAIEX=46255.26
[2026-06-25 12:27:23] 法人上市 [20260625] OK - 1326 筆（第 1 次）
[2026-06-25 12:27:23] 月營收 [listed] OK - 1082 筆
[2026-06-25 12:27:26] 月營收 [otc] OK - 890 筆
[2026-06-25 12:27:29] 法人上櫃 [20260625] OK - 934 筆（第 1 次）
[2026-06-25 12:27:29] 法人已存 → /home/runner/work/stock/stock/data/institution/institution_20260625.json
[2026-06-25 12:27:29] 已刪除舊法人檔 → institution_20260615.json
[2026-06-25 12:27:29] 月營收 [emerging] OK - 349 筆
[2026-06-25 12:27:29] 月營收已存 → /home/runner/work/stock/stock/data/revenue/revenue_2026_06.json
[2026-06-25 12:27:31] 價量上櫃 [20260625] OK - 877 筆
[2026-06-25 12:27:31] 價量已存 → /home/runner/work/stock/stock/data/price/price_20260625.json
[2026-06-25 12:27:31] ===== 完成 =====
[2026-06-25 12:27:31] 資料目錄: /home/runner/work/stock/stock/data
[2026-06-26 12:17:35] ===== 開始抓取 2026-06-26 =====
[2026-06-26 12:17:35] 損益表 2026_Q2 已存在，跳過
[2026-06-26 12:17:37] 月營收 [listed] OK - 1082 筆
[2026-06-26 12:17:37] 價量上市 [20260626] OK - 1086 筆 TAIEX=44571.76
[2026-06-26 12:17:39] 法人上市 [20260626] OK - 1328 筆（第 1 次）
[2026-06-26 12:17:40] 月營收 [otc] OK - 890 筆
[2026-06-26 12:17:41] 月營收 [emerging] OK - 349 筆
[2026-06-26 12:17:41] 月營收已存 → /home/runner/work/stock/stock/data/revenue/revenue_2026_06.json
[2026-06-26 12:17:41] 法人上櫃 [20260626] OK - 929 筆（第 1 次）
[2026-06-26 12:17:41] 法人已存 → /home/runner/work/stock/stock/data/institution/institution_20260626.json
[2026-06-26 12:17:41] 已刪除舊法人檔 → institution_20260616.json
[2026-06-26 12:17:46] 價量上櫃 [20260626] OK - 877 筆
[2026-06-26 12:17:46] 價量已存 → /home/runner/work/stock/stock/data/price/price_20260626.json
[2026-06-26 12:17:46] ===== 完成 =====
[2026-06-26 12:17:46] 資料目錄: /home/runner/work/stock/stock/data
[2026-06-29 14:11:20] ===== 開始抓取 2026-06-29 =====
[2026-06-29 14:11:20] 損益表 2026_Q2 已存在，跳過
[2026-06-29 14:11:22] 月營收 [listed] OK - 1082 筆
[2026-06-29 14:11:23] 價量上市 [20260629] OK - 1085 筆 TAIEX=44999.9
[2026-06-29 14:11:23] 法人上市 [20260629] OK - 1328 筆（第 1 次）
[2026-06-29 14:11:24] 法人上櫃 [20260629] OK - 929 筆（第 1 次）
[2026-06-29 14:11:24] 法人已存 → /home/runner/work/stock/stock/data/institution/institution_20260629.json
[2026-06-29 14:11:24] 已刪除舊法人檔 → institution_20260617.json
[2026-06-29 14:11:26] 月營收 [otc] OK - 890 筆
[2026-06-29 14:11:27] 月營收 [emerging] OK - 349 筆
[2026-06-29 14:11:27] 月營收已存 → /home/runner/work/stock/stock/data/revenue/revenue_2026_06.json
[2026-06-29 14:11:28] 價量上櫃 [20260629] OK - 875 筆
[2026-06-29 14:11:28] 價量已存 → /home/runner/work/stock/stock/data/price/price_20260629.json
[2026-06-29 14:11:28] ===== 完成 =====
[2026-06-29 14:11:28] 資料目錄: /home/runner/work/stock/stock/data
[2026-06-30 12:16:26] ===== 開始抓取 2026-06-30 =====
[2026-06-30 12:16:26] 損益表 2026_Q2 已存在，跳過
[2026-06-30 12:16:26] 月營收 [listed] ERROR - Expecting value: line 1 column 1 (char 0)
[2026-06-30 12:16:28] 月營收 [otc] OK - 890 筆
[2026-06-30 12:16:28] 法人上市 [20260630] OK - 1330 筆（第 1 次）
[2026-06-30 12:16:28] 價量上市 [20260630] OK - 1088 筆 TAIEX=46125.91
[2026-06-30 12:16:29] 法人上櫃 [20260630] OK - 923 筆（第 1 次）
[2026-06-30 12:16:29] 法人已存 → /home/runner/work/stock/stock/data/institution/institution_20260630.json
[2026-06-30 12:16:29] 已刪除舊法人檔 → institution_20260618.json
[2026-06-30 12:16:30] 月營收 [emerging] OK - 349 筆
[2026-06-30 12:16:30] 月營收已存 → /home/runner/work/stock/stock/data/revenue/revenue_2026_06.json
[2026-06-30 12:16:32] 價量上櫃 [20260630] OK - 876 筆
[2026-06-30 12:16:32] 價量已存 → /home/runner/work/stock/stock/data/price/price_20260630.json
[2026-06-30 12:16:32] ===== 完成 =====
[2026-06-30 12:16:32] 資料目錄: /home/runner/work/stock/stock/data
[2026-07-01 12:38:36] ===== 開始抓取 2026-07-01 =====
[2026-07-01 12:38:38] 法人上市 [20260701] OK - 1327 筆（第 1 次）
[2026-07-01 12:38:38] 價量上市 [20260701] OK - 1088 筆 TAIEX=47018.99
[2026-07-01 12:38:38] 月營收 [listed] OK - 1082 筆
[2026-07-01 12:38:38] 損益表 [listed] OK - 1042 筆
[2026-07-01 12:38:39] 月營收 [otc] OK - 890 筆
[2026-07-01 12:38:40] 法人上櫃 [20260701] OK - 932 筆（第 1 次）
[2026-07-01 12:38:40] 法人已存 → /home/runner/work/stock/stock/data/institution/institution_20260701.json
[2026-07-01 12:38:40] 已刪除舊法人檔 → institution_20260622.json
[2026-07-01 12:38:41] 月營收 [emerging] OK - 349 筆
[2026-07-01 12:38:41] 月營收已存 → /home/runner/work/stock/stock/data/revenue/revenue_2026_07.json
[2026-07-01 12:38:41] 價量上櫃 [20260701] OK - 877 筆
[2026-07-01 12:38:41] 價量已存 → /home/runner/work/stock/stock/data/price/price_20260701.json
[2026-07-01 12:38:42] 損益表 [otc] OK - 884 筆
[2026-07-01 12:38:43] 損益表 [emerging] OK - 33 筆
[2026-07-01 12:38:43] 損益表已存 → /home/runner/work/stock/stock/data/income/income_2026_Q3.json
[2026-07-01 12:38:43] ===== 完成 =====
[2026-07-01 12:38:43] 資料目錄: /home/runner/work/stock/stock/data
[2026-07-02 12:13:13] ===== 開始抓取 2026-07-02 =====
[2026-07-02 12:13:13] 損益表 2026_Q3 已存在，跳過
[2026-07-02 12:13:14] 月營收 [listed] ERROR - Expecting value: line 1 column 1 (char 0)
[2026-07-02 12:13:15] 法人上市 [20260702] OK - 1325 筆（第 1 次）
[2026-07-02 12:13:15] 價量上市 [20260702] OK - 1087 筆 TAIEX=46744.16
[2026-07-02 12:13:18] 月營收 [otc] OK - 890 筆
[2026-07-02 12:13:19] 法人上櫃 [20260702] OK - 930 筆（第 1 次）
[2026-07-02 12:13:19] 法人已存 → /home/runner/work/stock/stock/data/institution/institution_20260702.json
[2026-07-02 12:13:19] 已刪除舊法人檔 → institution_20260623.json
[2026-07-02 12:13:20] 月營收 [emerging] OK - 349 筆
[2026-07-02 12:13:20] 月營收已存 → /home/runner/work/stock/stock/data/revenue/revenue_2026_07.json
[2026-07-02 12:13:22] 價量上櫃 [20260702] OK - 870 筆
[2026-07-02 12:13:22] 價量已存 → /home/runner/work/stock/stock/data/price/price_20260702.json
[2026-07-02 12:13:22] ===== 完成 =====
[2026-07-02 12:13:22] 資料目錄: /home/runner/work/stock/stock/data
[2026-07-03 12:12:58] ===== 開始抓取 2026-07-03 =====
[2026-07-03 12:12:58] 損益表 2026_Q3 已存在，跳過
[2026-07-03 12:13:00] 價量上市 [20260703] OK - 1087 筆 TAIEX=46780.62
[2026-07-03 12:13:00] 月營收 [listed] OK - 1082 筆
[2026-07-03 12:13:01] 法人上市 [20260703] OK - 1328 筆（第 1 次）
[2026-07-03 12:13:01] 月營收 [otc] OK - 890 筆
[2026-07-03 12:13:03] 法人上櫃 [20260703] OK - 946 筆（第 1 次）
[2026-07-03 12:13:03] 法人已存 → /home/runner/work/stock/stock/data/institution/institution_20260703.json
[2026-07-03 12:13:03] 已刪除舊法人檔 → institution_20260624.json
[2026-07-03 12:13:07] 月營收 [emerging] ERROR - HTTP Error 520: <none>
[2026-07-03 12:13:07] 月營收已存 → /home/runner/work/stock/stock/data/revenue/revenue_2026_07.json
[2026-07-03 12:13:16] 價量上櫃 [20260703] OK - 883 筆
[2026-07-03 12:13:16] 價量已存 → /home/runner/work/stock/stock/data/price/price_20260703.json
[2026-07-03 12:13:16] ===== 完成 =====
[2026-07-03 12:13:16] 資料目錄: /home/runner/work/stock/stock/data
[2026-07-06 13:52:48] ===== 開始抓取 2026-07-06 =====
[2026-07-06 13:52:48] 損益表 2026_Q3 已存在，跳過
[2026-07-06 13:52:49] 法人上市 [20260706] 第 1 次抓到 0 筆，重試中
[2026-07-06 13:52:49] 價量上市 [20260706] OK - 1088 筆 TAIEX=46556.39
[2026-07-06 13:52:49] 月營收 [listed] OK - 1082 筆
[2026-07-06 13:52:53] 月營收 [otc] OK - 890 筆
[2026-07-06 13:52:55] 月營收 [emerging] OK - 349 筆
[2026-07-06 13:52:55] 月營收已存 → /home/runner/work/stock/stock/data/revenue/revenue_2026_07.json
[2026-07-06 13:53:04] 法人上市 [20260706] 第 2 次抓到 0 筆，重試中
[2026-07-06 13:53:23] 價量上櫃 [20260706] OK - 882 筆
[2026-07-06 13:53:23] 價量已存 → /home/runner/work/stock/stock/data/price/price_20260706.json
[2026-07-06 13:53:35] 法人上市 [20260706] 第 3 次抓到 0 筆，重試中
[2026-07-06 13:54:21] 法人上市 [20260706] OK - 1329 筆（第 4 次）
[2026-07-06 13:54:25] 法人上櫃 [20260706] OK - 938 筆（第 1 次）
[2026-07-06 13:54:25] 法人已存 → /home/runner/work/stock/stock/data/institution/institution_20260706.json
[2026-07-06 13:54:25] 已刪除舊法人檔 → institution_20260625.json
[2026-07-06 13:54:25] ===== 完成 =====
[2026-07-06 13:54:25] 資料目錄: /home/runner/work/stock/stock/data
[2026-07-07 12:30:37] ===== 開始抓取 2026-07-07 =====
[2026-07-07 12:30:38] 損益表 2026_Q3 已存在，跳過
[2026-07-07 12:30:39] 價量上市 [20260707] OK - 1090 筆 TAIEX=45479.11
[2026-07-07 12:30:40] 月營收 [listed] OK - 1082 筆
[2026-07-07 12:30:41] 法人上市 [20260707] OK - 1329 筆（第 1 次）
[2026-07-07 12:30:42] 月營收 [otc] OK - 890 筆
[2026-07-07 12:30:44] 月營收 [emerging] OK - 349 筆
[2026-07-07 12:30:44] 月營收已存 → /home/runner/work/stock/stock/data/revenue/revenue_2026_07.json
[2026-07-07 12:30:47] 法人上櫃 [20260707] OK - 928 筆（第 1 次）
[2026-07-07 12:30:47] 法人已存 → /home/runner/work/stock/stock/data/institution/institution_20260707.json
[2026-07-07 12:30:47] 已刪除舊法人檔 → institution_20260626.json
[2026-07-07 12:30:57] 價量上櫃 [20260707] OK - 877 筆
[2026-07-07 12:30:57] 價量已存 → /home/runner/work/stock/stock/data/price/price_20260707.json
[2026-07-07 12:30:57] ===== 完成 =====
[2026-07-07 12:30:57] 資料目錄: /home/runner/work/stock/stock/data
[2026-07-08 11:50:20] ===== 開始抓取 2026-07-08 =====
[2026-07-08 11:50:20] 損益表 2026_Q3 已存在，跳過
[2026-07-08 11:50:21] 月營收 [listed] ERROR - Expecting value: line 1 column 1 (char 0)
[2026-07-08 11:50:22] 價量上市 [20260708] OK - 1090 筆 TAIEX=45734.41
[2026-07-08 11:50:22] 法人上市 [20260708] OK - 1336 筆（第 1 次）
[2026-07-08 11:50:25] 法人上櫃 [20260708] OK - 917 筆（第 1 次）
[2026-07-08 11:50:25] 法人已存 → /home/runner/work/stock/stock/data/institution/institution_20260708.json
[2026-07-08 11:50:25] 已刪除舊法人檔 → institution_20260629.json
[2026-07-08 11:50:25] 月營收 [otc] OK - 890 筆
[2026-07-08 11:50:27] 月營收 [emerging] OK - 349 筆
[2026-07-08 11:50:27] 月營收已存 → /home/runner/work/stock/stock/data/revenue/revenue_2026_07.json
[2026-07-08 11:50:43] 價量上櫃 [20260708] OK - 873 筆
[2026-07-08 11:50:43] 價量已存 → /home/runner/work/stock/stock/data/price/price_20260708.json
[2026-07-08 11:50:43] ===== 完成 =====
[2026-07-08 11:50:43] 資料目錄: /home/runner/work/stock/stock/data
[2026-07-10 12:29:28] ===== 開始抓取 2026-07-10 =====
[2026-07-10 12:29:28] 損益表 2026_Q3 已存在，跳過
[2026-07-10 12:29:30] 價量上市 [20260710] 非交易日（stat=很抱歉，沒有符合條件的資料!）
[2026-07-10 12:29:30] 價量 [20260710] 上市無資料，視為非交易日，不存檔
[2026-07-10 12:29:30] 月營收 [listed] OK - 1082 筆
[2026-07-10 12:29:30] 法人上市 [20260710] 非交易日（很抱歉，沒有符合條件的資料!）
[2026-07-10 12:29:30] 法人上市 [20260710] 重試 4 次仍失敗 ❌
[2026-07-10 12:29:32] 法人上櫃 [20260710] 第 1 次抓到 0 筆，重試中
[2026-07-10 12:29:32] 月營收 [otc] OK - 890 筆
[2026-07-10 12:29:34] 月營收 [emerging] OK - 349 筆
[2026-07-10 12:29:34] 月營收已存 → /home/runner/work/stock/stock/data/revenue/revenue_2026_07.json
[2026-07-10 12:29:47] 法人上櫃 [20260710] 第 2 次抓到 0 筆，重試中
[2026-07-10 12:30:20] 法人上櫃 [20260710] 第 3 次抓到 0 筆，重試中
[2026-07-10 12:31:08] 法人上櫃 [20260710] 第 4 次抓到 0 筆，重試中
[2026-07-10 12:31:08] 法人上櫃 [20260710] 重試 4 次仍失敗或非交易日 ❌
[2026-07-10 12:31:08] 法人 [20260710] 非交易日，不存檔
[2026-07-10 12:31:08] ===== 完成 =====
[2026-07-10 12:31:08] 資料目錄: /home/runner/work/stock/stock/data
[2026-07-13 12:35:20] ===== 開始抓取 2026-07-13 =====
[2026-07-13 12:35:20] 損益表 2026_Q3 已存在，跳過
[2026-07-13 12:35:22] 價量上市 [20260713] OK - 1088 筆 TAIEX=45380.52
[2026-07-13 12:35:22] 月營收 [listed] OK - 942 筆
[2026-07-13 12:35:23] 法人上市 [20260713] OK - 1335 筆（第 1 次）
[2026-07-13 12:35:27] 價量上櫃 [20260713] OK - 876 筆
[2026-07-13 12:35:27] 價量已存 → /home/runner/work/stock/stock/data/price/price_20260713.json
[2026-07-13 12:35:27] 法人上櫃 [20260713] 第 1 次 ERROR - HTTP Error 520: <none>
[2026-07-13 12:35:31] 月營收 [otc] OK - 810 筆
[2026-07-13 12:35:32] 月營收 [emerging] OK - 324 筆
[2026-07-13 12:35:32] 月營收已存 → /home/runner/work/stock/stock/data/revenue/revenue_2026_07.json
[2026-07-13 12:35:43] 法人上櫃 [20260713] OK - 922 筆（第 2 次）
[2026-07-13 12:35:43] 法人已存 → /home/runner/work/stock/stock/data/institution/institution_20260713.json
[2026-07-13 12:35:43] 已刪除舊法人檔 → institution_20260630.json
[2026-07-13 12:35:43] ===== 完成 =====
[2026-07-13 12:35:43] 資料目錄: /home/runner/work/stock/stock/data
[2026-07-14 11:36:20] ===== 開始抓取 2026-07-14 =====
[2026-07-14 11:36:20] 損益表 2026_Q3 已存在，跳過
[2026-07-14 11:36:22] 月營收 [listed] OK - 945 筆
[2026-07-14 11:36:22] 價量上市 [20260714] OK - 1089 筆 TAIEX=44737.95
[2026-07-14 11:36:23] 法人上市 [20260714] OK - 1326 筆（第 1 次）
[2026-07-14 11:36:27] 價量上櫃 [20260714] OK - 872 筆
[2026-07-14 11:36:27] 價量已存 → /home/runner/work/stock/stock/data/price/price_20260714.json
[2026-07-14 11:36:28] 法人上櫃 [20260714] OK - 932 筆（第 1 次）
[2026-07-14 11:36:28] 法人已存 → /home/runner/work/stock/stock/data/institution/institution_20260714.json
[2026-07-14 11:36:28] 已刪除舊法人檔 → institution_20260701.json
[2026-07-14 11:36:30] 月營收 [otc] OK - 891 筆
[2026-07-14 11:36:31] 月營收 [emerging] OK - 354 筆
[2026-07-14 11:36:31] 月營收已存 → /home/runner/work/stock/stock/data/revenue/revenue_2026_07.json
[2026-07-14 11:36:31] ===== 完成 =====
[2026-07-14 11:36:31] 資料目錄: /home/runner/work/stock/stock/data
[2026-07-15 11:40:08] ===== 開始抓取 2026-07-15 =====
[2026-07-15 11:40:08] 損益表 2026_Q3 已存在，跳過
[2026-07-15 11:40:10] 價量上市 [20260715] OK - 1090 筆 TAIEX=45631.59
[2026-07-15 11:40:11] 法人上市 [20260715] OK - 1330 筆（第 1 次）
[2026-07-15 11:40:14] 價量上櫃 [20260715] OK - 872 筆
[2026-07-15 11:40:14] 法人上櫃 [20260715] OK - 919 筆（第 1 次）
[2026-07-15 11:40:14] 價量已存 → /home/runner/work/stock/stock/data/price/price_20260715.json
[2026-07-15 11:40:14] 法人已存 → /home/runner/work/stock/stock/data/institution/institution_20260715.json
[2026-07-15 11:40:14] 已刪除舊法人檔 → institution_20260702.json
[2026-07-15 11:40:15] 月營收 [listed] OK - 1065 筆
[2026-07-15 11:40:16] 月營收 [otc] OK - 891 筆
[2026-07-15 11:40:17] 月營收 [emerging] OK - 354 筆
[2026-07-15 11:40:17] 月營收已存 → /home/runner/work/stock/stock/data/revenue/revenue_2026_07.json
[2026-07-15 11:40:17] ===== 完成 =====
[2026-07-15 11:40:17] 資料目錄: /home/runner/work/stock/stock/data
[2026-07-16 11:45:16] ===== 開始抓取 2026-07-16 =====
[2026-07-16 11:45:16] 損益表 2026_Q3 已存在，跳過
[2026-07-16 11:45:18] 法人上市 [20260716] OK - 1323 筆（第 1 次）
[2026-07-16 11:45:19] 價量上市 [20260716] OK - 1090 筆 TAIEX=45624.98
[2026-07-16 11:45:19] 月營收 [listed] OK - 1071 筆
[2026-07-16 11:45:21] 法人上櫃 [20260716] OK - 914 筆（第 1 次）
[2026-07-16 11:45:21] 法人已存 → /home/runner/work/stock/stock/data/institution/institution_20260716.json
[2026-07-16 11:45:21] 已刪除舊法人檔 → institution_20260703.json
[2026-07-16 11:45:23] 月營收 [otc] OK - 891 筆
[2026-07-16 11:45:24] 價量上櫃 [20260716] OK - 869 筆
[2026-07-16 11:45:24] 價量已存 → /home/runner/work/stock/stock/data/price/price_20260716.json
[2026-07-16 11:45:24] 月營收 [emerging] OK - 354 筆
[2026-07-16 11:45:24] 月營收已存 → /home/runner/work/stock/stock/data/revenue/revenue_2026_07.json
[2026-07-16 11:45:24] ===== 完成 =====
[2026-07-16 11:45:24] 資料目錄: /home/runner/work/stock/stock/data
[2026-07-17 11:25:06] ===== 開始抓取 2026-07-17 =====
[2026-07-17 11:25:06] 損益表 2026_Q3 已存在，跳過
[2026-07-17 11:25:08] 月營收 [listed] OK - 1082 筆
[2026-07-17 11:25:09] 法人上市 [20260717] OK - 1332 筆（第 1 次）
[2026-07-17 11:25:09] 價量上市 [20260717] OK - 1089 筆 TAIEX=42671.27
[2026-07-17 11:25:11] 月營收 [otc] OK - 891 筆
[2026-07-17 11:25:12] 法人上櫃 [20260717] OK - 925 筆（第 1 次）
[2026-07-17 11:25:12] 法人已存 → /home/runner/work/stock/stock/data/institution/institution_20260717.json
[2026-07-17 11:25:12] 已刪除舊法人檔 → institution_20260706.json
[2026-07-17 11:25:14] 月營收 [emerging] OK - 354 筆
[2026-07-17 11:25:14] 月營收已存 → /home/runner/work/stock/stock/data/revenue/revenue_2026_07.json
[2026-07-17 11:25:15] 價量上櫃 [20260717] OK - 876 筆
[2026-07-17 11:25:15] 價量已存 → /home/runner/work/stock/stock/data/price/price_20260717.json
[2026-07-17 11:25:15] ===== 完成 =====
[2026-07-17 11:25:15] 資料目錄: /home/runner/work/stock/stock/data
[2026-07-20 12:21:14] ===== 開始抓取 2026-07-20 =====
[2026-07-20 12:21:14] 損益表 2026_Q3 已存在，跳過
[2026-07-20 12:21:16] 月營收 [listed] OK - 1082 筆
[2026-07-20 12:21:16] 價量上市 [20260720] OK - 1089 筆 TAIEX=42449.7
[2026-07-20 12:21:18] 月營收 [otc] OK - 891 筆
[2026-07-20 12:21:18] 法人上市 [20260720] OK - 1337 筆（第 1 次）
[2026-07-20 12:21:20] 月營收 [emerging] OK - 354 筆
[2026-07-20 12:21:20] 月營收已存 → /home/runner/work/stock/stock/data/revenue/revenue_2026_07.json
[2026-07-20 12:21:20] 價量上櫃 [20260720] OK - 874 筆
[2026-07-20 12:21:20] 價量已存 → /home/runner/work/stock/stock/data/price/price_20260720.json
[2026-07-20 12:21:22] 法人上櫃 [20260720] OK - 926 筆（第 1 次）
[2026-07-20 12:21:22] 法人已存 → /home/runner/work/stock/stock/data/institution/institution_20260720.json
[2026-07-20 12:21:22] 已刪除舊法人檔 → institution_20260707.json
[2026-07-20 12:21:22] ===== 完成 =====
[2026-07-20 12:21:22] 資料目錄: /home/runner/work/stock/stock/data
[2026-07-21 11:51:25] ===== 開始抓取 2026-07-21 =====
[2026-07-21 11:51:25] 損益表 2026_Q3 已存在，跳過
[2026-07-21 11:51:27] 價量上市 [20260721] OK - 1086 筆 TAIEX=44232.87
[2026-07-21 11:51:32] 價量上櫃 [20260721] OK - 873 筆
[2026-07-21 11:51:32] 價量已存 → /home/runner/work/stock/stock/data/price/price_20260721.json
[2026-07-21 11:51:36] 法人上市 [20260721] OK - 1327 筆（第 1 次）
[2026-07-21 11:51:37] 法人上櫃 [20260721] OK - 923 筆（第 1 次）
[2026-07-21 11:51:37] 法人已存 → /home/runner/work/stock/stock/data/institution/institution_20260721.json
[2026-07-21 11:51:37] 已刪除舊法人檔 → institution_20260708.json
[2026-07-21 11:51:55] 月營收 [listed] OK - 1082 筆
[2026-07-21 11:51:59] 月營收 [otc] OK - 891 筆
[2026-07-21 11:52:02] 月營收 [emerging] OK - 354 筆
[2026-07-21 11:52:02] 月營收已存 → /home/runner/work/stock/stock/data/revenue/revenue_2026_07.json
[2026-07-21 11:52:02] ===== 完成 =====
[2026-07-21 11:52:02] 資料目錄: /home/runner/work/stock/stock/data
[2026-07-22 11:52:53] ===== 開始抓取 2026-07-22 =====
[2026-07-22 11:52:53] 損益表 2026_Q3 已存在，跳過
[2026-07-22 11:52:54] 價量上市 [20260722] OK - 1091 筆 TAIEX=44825.78
[2026-07-22 11:52:54] 月營收 [listed] OK - 1082 筆
[2026-07-22 11:52:55] 法人上市 [20260722] OK - 1336 筆（第 1 次）
[2026-07-22 11:52:59] 法人上櫃 [20260722] OK - 906 筆（第 1 次）
[2026-07-22 11:52:59] 法人已存 → /home/runner/work/stock/stock/data/institution/institution_20260722.json
[2026-07-22 11:52:59] 已刪除舊法人檔 → institution_20260713.json
[2026-07-22 11:53:01] 價量上櫃 [20260722] OK - 874 筆
[2026-07-22 11:53:01] 價量已存 → /home/runner/work/stock/stock/data/price/price_20260722.json
[2026-07-22 11:53:03] 月營收 [otc] OK - 891 筆
[2026-07-22 11:53:03] 月營收 [emerging] OK - 354 筆
[2026-07-22 11:53:03] 月營收已存 → /home/runner/work/stock/stock/data/revenue/revenue_2026_07.json
[2026-07-22 11:53:03] ===== 完成 =====
[2026-07-22 11:53:03] 資料目錄: /home/runner/work/stock/stock/data
[2026-07-23 11:54:35] ===== 開始抓取 2026-07-23 =====
[2026-07-23 11:54:35] 損益表 2026_Q3 已存在，跳過
[2026-07-23 11:54:37] 月營收 [listed] OK - 1082 筆
[2026-07-23 11:54:38] 價量上市 [20260723] OK - 1089 筆 TAIEX=44850.81
[2026-07-23 11:54:39] 法人上市 [20260723] OK - 1329 筆（第 1 次）
[2026-07-23 11:54:40] 法人上櫃 [20260723] OK - 898 筆（第 1 次）
[2026-07-23 11:54:40] 法人已存 → /home/runner/work/stock/stock/data/institution/institution_20260723.json
[2026-07-23 11:54:40] 已刪除舊法人檔 → institution_20260714.json
[2026-07-23 11:54:41] 月營收 [otc] OK - 891 筆
[2026-07-23 11:54:41] 月營收 [emerging] OK - 354 筆
[2026-07-23 11:54:41] 月營收已存 → /home/runner/work/stock/stock/data/revenue/revenue_2026_07.json
[2026-07-23 11:54:44] 價量上櫃 [20260723] OK - 865 筆
[2026-07-23 11:54:44] 價量已存 → /home/runner/work/stock/stock/data/price/price_20260723.json
[2026-07-23 11:54:44] ===== 完成 =====
[2026-07-23 11:54:44] 資料目錄: /home/runner/work/stock/stock/data
[2026-07-24 11:46:42] ===== 開始抓取 2026-07-24 =====
[2026-07-24 11:46:42] 損益表 2026_Q3 已存在，跳過
[2026-07-24 11:46:44] 月營收 [listed] OK - 1082 筆
[2026-07-24 11:46:44] 價量上市 [20260724] OK - 1091 筆 TAIEX=43654.84
[2026-07-24 11:46:44] 法人上市 [20260724] OK - 1336 筆（第 1 次）
[2026-07-24 11:46:46] 法人上櫃 [20260724] OK - 895 筆（第 1 次）
[2026-07-24 11:46:46] 法人已存 → /home/runner/work/stock/stock/data/institution/institution_20260724.json
[2026-07-24 11:46:46] 已刪除舊法人檔 → institution_20260715.json
[2026-07-24 11:46:46] 月營收 [otc] OK - 891 筆
[2026-07-24 11:46:46] 月營收 [emerging] OK - 354 筆
[2026-07-24 11:46:46] 月營收已存 → /home/runner/work/stock/stock/data/revenue/revenue_2026_07.json
[2026-07-24 11:46:47] 價量上櫃 [20260724] OK - 863 筆
[2026-07-24 11:46:47] 價量已存 → /home/runner/work/stock/stock/data/price/price_20260724.json
[2026-07-24 11:46:47] ===== 完成 =====
[2026-07-24 11:46:47] 資料目錄: /home/runner/work/stock/stock/data
[2026-07-27 13:14:56] ===== 開始抓取 2026-07-27 =====
[2026-07-27 13:14:56] 損益表 2026_Q3 已存在，跳過
[2026-07-27 13:14:58] 法人上市 [20260727] OK - 1334 筆（第 1 次）
[2026-07-27 13:14:58] 價量上市 [20260727] OK - 1091 筆 TAIEX=43634.19
[2026-07-27 13:14:58] 月營收 [listed] OK - 1082 筆
[2026-07-27 13:15:00] 法人上櫃 [20260727] OK - 898 筆（第 1 次）
[2026-07-27 13:15:00] 法人已存 → /home/runner/work/stock/stock/data/institution/institution_20260727.json
[2026-07-27 13:15:00] 已刪除舊法人檔 → institution_20260716.json
[2026-07-27 13:15:01] 月營收 [otc] OK - 891 筆
[2026-07-27 13:15:02] 價量上櫃 [20260727] OK - 853 筆
[2026-07-27 13:15:02] 價量已存 → /home/runner/work/stock/stock/data/price/price_20260727.json
[2026-07-27 13:15:02] 月營收 [emerging] OK - 354 筆
[2026-07-27 13:15:02] 月營收已存 → /home/runner/work/stock/stock/data/revenue/revenue_2026_07.json
[2026-07-27 13:15:02] ===== 完成 =====
[2026-07-27 13:15:02] 資料目錄: /home/runner/work/stock/stock/data
[2026-07-28 12:01:33] ===== 開始抓取 2026-07-28 =====
[2026-07-28 12:01:33] 損益表 2026_Q3 已存在，跳過
[2026-07-28 12:01:35] 價量上市 [20260728] OK - 1091 筆 TAIEX=41603.36
[2026-07-28 12:01:35] 月營收 [listed] OK - 1082 筆
[2026-07-28 12:01:37] 法人上市 [20260728] OK - 1335 筆（第 1 次）
[2026-07-28 12:01:37] 月營收 [otc] OK - 891 筆
[2026-07-28 12:01:38] 價量上櫃 [20260728] OK - 864 筆
[2026-07-28 12:01:38] 價量已存 → /home/runner/work/stock/stock/data/price/price_20260728.json
[2026-07-28 12:01:38] 法人上櫃 [20260728] OK - 916 筆（第 1 次）
[2026-07-28 12:01:38] 法人已存 → /home/runner/work/stock/stock/data/institution/institution_20260728.json
[2026-07-28 12:01:38] 已刪除舊法人檔 → institution_20260717.json
[2026-07-28 12:01:38] 月營收 [emerging] OK - 354 筆
[2026-07-28 12:01:38] 月營收已存 → /home/runner/work/stock/stock/data/revenue/revenue_2026_07.json
[2026-07-28 12:01:38] ===== 完成 =====
[2026-07-28 12:01:38] 資料目錄: /home/runner/work/stock/stock/data
[2026-07-29 12:06:29] ===== 開始抓取 2026-07-29 =====
[2026-07-29 12:06:29] 損益表 2026_Q3 已存在，跳過
[2026-07-29 12:06:31] 月營收 [listed] OK - 1082 筆
[2026-07-29 12:06:31] 價量上市 [20260729] OK - 1091 筆 TAIEX=40039.18
[2026-07-29 12:06:33] 法人上市 [20260729] OK - 1335 筆（第 1 次）
[2026-07-29 12:06:33] 月營收 [otc] OK - 891 筆
[2026-07-29 12:06:35] 價量上櫃 [20260729] OK - 875 筆
[2026-07-29 12:06:35] 價量已存 → /home/runner/work/stock/stock/data/price/price_20260729.json
[2026-07-29 12:06:35] 法人上櫃 [20260729] OK - 937 筆（第 1 次）
[2026-07-29 12:06:35] 法人已存 → /home/runner/work/stock/stock/data/institution/institution_20260729.json
[2026-07-29 12:06:35] 已刪除舊法人檔 → institution_20260720.json
[2026-07-29 12:06:36] 月營收 [emerging] OK - 354 筆
[2026-07-29 12:06:36] 月營收已存 → /home/runner/work/stock/stock/data/revenue/revenue_2026_07.json
[2026-07-29 12:06:36] ===== 完成 =====
[2026-07-29 12:06:36] 資料目錄: /home/runner/work/stock/stock/data
[2026-07-30 11:55:52] ===== 開始抓取 2026-07-30 =====
[2026-07-30 11:55:52] 損益表 2026_Q3 已存在，跳過
[2026-07-30 11:55:55] 價量上市 [20260730] OK - 1092 筆 TAIEX=39933.3
[2026-07-30 11:55:56] 月營收 [listed] OK - 1082 筆
[2026-07-30 11:55:56] 法人上市 [20260730] OK - 1333 筆（第 1 次）
[2026-07-30 11:55:58] 價量上櫃 [20260730] OK - 861 筆
[2026-07-30 11:55:58] 價量已存 → /home/runner/work/stock/stock/data/price/price_20260730.json
[2026-07-30 11:55:58] 月營收 [otc] OK - 891 筆
[2026-07-30 11:55:59] 月營收 [emerging] OK - 354 筆
[2026-07-30 11:55:59] 月營收已存 → /home/runner/work/stock/stock/data/revenue/revenue_2026_07.json
[2026-07-30 11:56:00] 法人上櫃 [20260730] OK - 920 筆（第 1 次）
[2026-07-30 11:56:00] 法人已存 → /home/runner/work/stock/stock/data/institution/institution_20260730.json
[2026-07-30 11:56:00] 已刪除舊法人檔 → institution_20260721.json
[2026-07-30 11:56:00] ===== 完成 =====
[2026-07-30 11:56:00] 資料目錄: /home/runner/work/stock/stock/data
[2026-07-31 12:05:13] ===== 開始抓取 2026-07-31 =====
[2026-07-31 12:05:13] 損益表 2026_Q3 已存在，跳過
[2026-07-31 12:05:15] 價量上市 [20260731] OK - 1092 筆 TAIEX=43119.75
[2026-07-31 12:05:15] 法人上市 [20260731] OK - 1337 筆（第 1 次）
[2026-07-31 12:05:17] 法人上櫃 [20260731] OK - 909 筆（第 1 次）
[2026-07-31 12:05:18] 法人已存 → /home/runner/work/stock/stock/data/institution/institution_20260731.json
[2026-07-31 12:05:18] 已刪除舊法人檔 → institution_20260722.json
[2026-07-31 12:05:22] 月營收 [listed] OK - 1082 筆
[2026-07-31 12:05:23] 價量上櫃 [20260731] OK - 877 筆
[2026-07-31 12:05:23] 價量已存 → /home/runner/work/stock/stock/data/price/price_20260731.json
[2026-07-31 12:05:26] 月營收 [otc] OK - 891 筆
[2026-07-31 12:05:27] 月營收 [emerging] OK - 354 筆
[2026-07-31 12:05:27] 月營收已存 → /home/runner/work/stock/stock/data/revenue/revenue_2026_07.json
[2026-07-31 12:05:27] ===== 完成 =====
[2026-07-31 12:05:27] 資料目錄: /home/runner/work/stock/stock/data
[2026-08-03 13:13:40] ===== 開始抓取 2026-08-03 =====
[2026-08-03 13:13:40] 損益表 2026_Q3 已存在，跳過
[2026-08-03 13:13:41] 月營收 [listed] ERROR - Expecting value: line 1 column 1 (char 0)
[2026-08-03 13:13:42] 法人上市 [20260803] OK - 1340 筆（第 1 次）
[2026-08-03 13:13:42] 價量上市 [20260803] OK - 1091 筆 TAIEX=43386.41
[2026-08-03 13:13:43] 月營收 [otc] OK - 891 筆
[2026-08-03 13:13:44] 月營收 [emerging] OK - 354 筆
[2026-08-03 13:13:44] 月營收已存 → /home/runner/work/stock/stock/data/revenue/revenue_2026_08.json
[2026-08-03 13:13:45] 法人上櫃 [20260803] OK - 900 筆（第 1 次）
[2026-08-03 13:13:45] 法人已存 → /home/runner/work/stock/stock/data/institution/institution_20260803.json
[2026-08-03 13:13:45] 已刪除舊法人檔 → institution_20260723.json
[2026-08-03 13:13:47] 價量上櫃 [20260803] OK - 859 筆
[2026-08-03 13:13:47] 價量已存 → /home/runner/work/stock/stock/data/price/price_20260803.json
[2026-08-03 13:13:47] ===== 完成 =====
[2026-08-03 13:13:47] 資料目錄: /home/runner/work/stock/stock/data
[2026-08-04 12:05:34] ===== 開始抓取 2026-08-04 =====
[2026-08-04 12:05:34] 損益表 2026_Q3 已存在，跳過
[2026-08-04 12:05:36] 價量上市 [20260804] OK - 1093 筆 TAIEX=43360.66
[2026-08-04 12:05:37] 法人上市 [20260804] OK - 1339 筆（第 1 次）
[2026-08-04 12:05:37] 月營收 [listed] OK - 1082 筆
[2026-08-04 12:05:40] 法人上櫃 [20260804] OK - 890 筆（第 1 次）
[2026-08-04 12:05:40] 法人已存 → /home/runner/work/stock/stock/data/institution/institution_20260804.json
[2026-08-04 12:05:40] 已刪除舊法人檔 → institution_20260724.json
[2026-08-04 12:05:41] 月營收 [otc] OK - 891 筆
[2026-08-04 12:05:42] 月營收 [emerging] OK - 354 筆
[2026-08-04 12:05:42] 月營收已存 → /home/runner/work/stock/stock/data/revenue/revenue_2026_08.json
[2026-08-04 12:05:43] 價量上櫃 [20260804] OK - 861 筆
[2026-08-04 12:05:43] 價量已存 → /home/runner/work/stock/stock/data/price/price_20260804.json
[2026-08-04 12:05:43] ===== 完成 =====
[2026-08-04 12:05:43] 資料目錄: /home/runner/work/stock/stock/data
[2026-08-05 12:03:24] ===== 開始抓取 2026-08-05 =====
[2026-08-05 12:03:24] 損益表 2026_Q3 已存在，跳過
[2026-08-05 12:03:26] 價量上市 [20260805] OK - 1089 筆 TAIEX=44611.6
[2026-08-05 12:03:27] 法人上市 [20260805] OK - 1332 筆（第 1 次）
[2026-08-05 12:03:28] 價量上櫃 [20260805] OK - 871 筆
[2026-08-05 12:03:28] 價量已存 → /home/runner/work/stock/stock/data/price/price_20260805.json
[2026-08-05 12:03:29] 月營收 [listed] OK - 1082 筆
[2026-08-05 12:03:30] 月營收 [otc] OK - 891 筆
[2026-08-05 12:03:30] 月營收 [emerging] OK - 354 筆
[2026-08-05 12:03:31] 月營收已存 → /home/runner/work/stock/stock/data/revenue/revenue_2026_08.json
[2026-08-05 12:03:36] 法人上櫃 [20260805] OK - 919 筆（第 1 次）
[2026-08-05 12:03:36] 法人已存 → /home/runner/work/stock/stock/data/institution/institution_20260805.json
[2026-08-05 12:03:36] 已刪除舊法人檔 → institution_20260727.json
[2026-08-05 12:03:36] ===== 完成 =====
[2026-08-05 12:03:36] 資料目錄: /home/runner/work/stock/stock/data
[2026-08-06 12:06:15] ===== 開始抓取 2026-08-06 =====
[2026-08-06 12:06:15] 損益表 2026_Q3 已存在，跳過
[2026-08-06 12:06:16] 月營收 [listed] OK - 1082 筆
[2026-08-06 12:06:16] 價量上市 [20260806] OK - 1092 筆 TAIEX=44396.7
[2026-08-06 12:06:19] 法人上市 [20260806] OK - 1336 筆（第 1 次）
[2026-08-06 12:06:21] 月營收 [otc] ERROR - HTTP Error 520: <none>
[2026-08-06 12:06:24] 法人上櫃 [20260806] 第 1 次 ERROR - HTTP Error 520: <none>
[2026-08-06 12:06:26] 月營收 [emerging] ERROR - HTTP Error 520: <none>
[2026-08-06 12:06:26] 月營收已存 → /home/runner/work/stock/stock/data/revenue/revenue_2026_08.json
[2026-08-06 12:06:27] 價量上櫃 [20260806] OK - 866 筆
[2026-08-06 12:06:27] 價量已存 → /home/runner/work/stock/stock/data/price/price_20260806.json
[2026-08-06 12:06:43] 法人上櫃 [20260806] 第 2 次 ERROR - HTTP Error 520: <none>
[2026-08-06 12:07:18] 法人上櫃 [20260806] 第 3 次 ERROR - HTTP Error 520: <none>
[2026-08-06 12:08:07] 法人上櫃 [20260806] OK - 906 筆（第 4 次）
[2026-08-06 12:08:07] 法人已存 → /home/runner/work/stock/stock/data/institution/institution_20260806.json
[2026-08-06 12:08:07] 已刪除舊法人檔 → institution_20260728.json
[2026-08-06 12:08:07] ===== 完成 =====
[2026-08-06 12:08:07] 資料目錄: /home/runner/work/stock/stock/data
[2026-08-07 10:58:21] ===== 開始抓取 2026-08-07 =====
[2026-08-07 10:58:21] 損益表 2026_Q3 已存在，跳過
[2026-08-07 10:58:22] 價量上市 [20260807] OK - 1089 筆 TAIEX=44225.91
[2026-08-07 10:58:22] 月營收 [listed] OK - 1082 筆
[2026-08-07 10:58:24] 月營收 [otc] OK - 891 筆
[2026-08-07 10:58:25] 價量上櫃 [20260807] OK - 864 筆
[2026-08-07 10:58:25] 價量已存 → /home/runner/work/stock/stock/data/price/price_20260807.json
[2026-08-07 10:58:25] 法人上市 [20260807] OK - 1322 筆（第 1 次）
[2026-08-07 10:58:26] 月營收 [emerging] OK - 354 筆
[2026-08-07 10:58:26] 月營收已存 → /home/runner/work/stock/stock/data/revenue/revenue_2026_08.json
[2026-08-07 10:58:26] 法人上櫃 [20260807] OK - 898 筆（第 1 次）
[2026-08-07 10:58:26] 法人已存 → /home/runner/work/stock/stock/data/institution/institution_20260807.json
[2026-08-07 10:58:26] 已刪除舊法人檔 → institution_20260729.json
[2026-08-07 10:58:26] ===== 完成 =====
[2026-08-07 10:58:26] 資料目錄: /home/runner/work/stock/stock/data
[2026-08-10 11:13:32] ===== 開始抓取 2026-08-10 =====
[2026-08-10 11:13:32] 損益表 2026_Q3 已存在，跳過
[2026-08-10 11:13:34] 價量上市 [20260810] OK - 1092 筆 TAIEX=44928.76
[2026-08-10 11:13:35] 法人上市 [20260810] OK - 1339 筆（第 1 次）
[2026-08-10 11:13:37] 價量上櫃 [20260810] OK - 874 筆
[2026-08-10 11:13:37] 價量已存 → /home/runner/work/stock/stock/data/price/price_20260810.json
[2026-08-10 11:13:39] 法人上櫃 [20260810] 第 1 次 ERROR - HTTP Error 520: <none>
[2026-08-10 11:13:50] 月營收 [listed] OK - 1082 筆
[2026-08-10 11:13:54] 月營收 [otc] ERROR - HTTP Error 520: <none>
[2026-08-10 11:13:56] 法人上櫃 [20260810] OK - 922 筆（第 2 次）
[2026-08-10 11:13:56] 法人已存 → /home/runner/work/stock/stock/data/institution/institution_20260810.json
[2026-08-10 11:13:56] 已刪除舊法人檔 → institution_20260730.json
[2026-08-10 11:13:59] 月營收 [emerging] ERROR - HTTP Error 520: <none>
[2026-08-10 11:13:59] 月營收已存 → /home/runner/work/stock/stock/data/revenue/revenue_2026_08.json
[2026-08-10 11:13:59] ===== 完成 =====
[2026-08-10 11:13:59] 資料目錄: /home/runner/work/stock/stock/data
[2026-08-11 10:55:41] ===== 開始抓取 2026-08-11 =====
[2026-08-11 10:55:41] 損益表 2026_Q3 已存在，跳過
[2026-08-11 10:55:43] 法人上市 [20260811] OK - 1328 筆（第 1 次）
[2026-08-11 10:55:43] 價量上市 [20260811] OK - 1093 筆 TAIEX=45120.72
[2026-08-11 10:55:44] 法人上櫃 [20260811] OK - 915 筆（第 1 次）
[2026-08-11 10:55:44] 法人已存 → /home/runner/work/stock/stock/data/institution/institution_20260811.json
[2026-08-11 10:55:44] 已刪除舊法人檔 → institution_20260731.json
[2026-08-11 10:55:47] 價量上櫃 [20260811] OK - 874 筆
[2026-08-11 10:55:47] 價量已存 → /home/runner/work/stock/stock/data/price/price_20260811.json
[2026-08-11 10:55:52] 月營收 [listed] OK - 1082 筆
[2026-08-11 10:55:54] 月營收 [otc] OK - 890 筆
[2026-08-11 10:55:55] 月營收 [emerging] OK - 358 筆
[2026-08-11 10:55:55] 月營收已存 → /home/runner/work/stock/stock/data/revenue/revenue_2026_08.json
[2026-08-11 10:55:55] ===== 完成 =====
[2026-08-11 10:55:55] 資料目錄: /home/runner/work/stock/stock/data
[2026-08-12 11:03:28] ===== 開始抓取 2026-08-12 =====
[2026-08-12 11:03:29] 損益表 2026_Q3 已存在，跳過
[2026-08-12 11:03:30] 價量上市 [20260812] OK - 1093 筆 TAIEX=45518.07
[2026-08-12 11:03:30] 法人上市 [20260812] OK - 1335 筆（第 1 次）
[2026-08-12 11:03:36] 法人上櫃 [20260812] 第 1 次 ERROR - HTTP Error 520: <none>
[2026-08-12 11:03:56] 法人上櫃 [20260812] 第 2 次 ERROR - HTTP Error 520: <none>
[2026-08-12 11:03:57] 月營收 [listed] OK - 1069 筆
[2026-08-12 11:04:00] 價量上櫃 [20260812] ERROR - HTTP Error 520: <none>
[2026-08-12 11:04:00] 價量已存 → /home/runner/work/stock/stock/data/price/price_20260812.json
[2026-08-12 11:04:01] 月營收 [otc] ERROR - HTTP Error 520: <none>
[2026-08-12 11:04:06] 月營收 [emerging] ERROR - HTTP Error 520: <none>
[2026-08-12 11:04:06] 月營收已存 → /home/runner/work/stock/stock/data/revenue/revenue_2026_08.json
[2026-08-12 11:04:33] 法人上櫃 [20260812] 第 3 次 ERROR - HTTP Error 520: <none>
[2026-08-12 11:05:22] 法人上櫃 [20260812] 第 4 次 ERROR - HTTP Error 520: <none>
[2026-08-12 11:05:22] 法人上櫃 [20260812] 重試 4 次仍失敗或非交易日 ❌
[2026-08-12 11:05:22] 法人已存 → /home/runner/work/stock/stock/data/institution/institution_20260812.json
[2026-08-12 11:05:22] 已刪除舊法人檔 → institution_20260803.json
[2026-08-12 11:05:22] ===== 完成 =====
[2026-08-12 11:05:22] 資料目錄: /home/runner/work/stock/stock/data
[2026-08-13 11:04:08] ===== 開始抓取 2026-08-13 =====
[2026-08-13 11:04:08] 損益表 2026_Q3 已存在，跳過
[2026-08-13 11:04:11] 法人上市 [20260813] OK - 1328 筆（第 1 次）
[2026-08-13 11:04:11] 價量上市 [20260813] OK - 1094 筆 TAIEX=46021.48
[2026-08-13 11:04:13] 法人上櫃 [20260813] OK - 912 筆（第 1 次）
[2026-08-13 11:04:13] 法人已存 → /home/runner/work/stock/stock/data/institution/institution_20260813.json
[2026-08-13 11:04:13] 已刪除舊法人檔 → institution_20260804.json
[2026-08-13 11:04:16] 價量上櫃 [20260813] OK - 877 筆
[2026-08-13 11:04:16] 價量已存 → /home/runner/work/stock/stock/data/price/price_20260813.json
[2026-08-13 11:04:26] 月營收 [listed] OK - 1071 筆
[2026-08-13 11:04:27] 月營收 [otc] OK - 890 筆
[2026-08-13 11:04:28] 月營收 [emerging] OK - 358 筆
[2026-08-13 11:04:28] 月營收已存 → /home/runner/work/stock/stock/data/revenue/revenue_2026_08.json
[2026-08-13 11:04:28] ===== 完成 =====
[2026-08-13 11:04:28] 資料目錄: /home/runner/work/stock/stock/data
[2026-08-14 11:01:27] ===== 開始抓取 2026-08-14 =====
[2026-08-14 11:01:27] 損益表 2026_Q3 已存在，跳過
[2026-08-14 11:01:28] 價量上市 [20260814] OK - 1093 筆 TAIEX=45811.01
[2026-08-14 11:01:32] 月營收 [listed] OK - 1074 筆
[2026-08-14 11:01:32] 價量上櫃 [20260814] OK - 869 筆
[2026-08-14 11:01:32] 價量已存 → /home/runner/work/stock/stock/data/price/price_20260814.json
[2026-08-14 11:01:38] 月營收 [otc] OK - 890 筆
[2026-08-14 11:01:40] 月營收 [emerging] OK - 358 筆
[2026-08-14 11:01:40] 月營收已存 → /home/runner/work/stock/stock/data/revenue/revenue_2026_08.json
[2026-08-14 11:01:47] 法人上市 [20260814] 第 1 次 ERROR - The read operation timed out
[2026-08-14 11:02:24] 法人上市 [20260814] 第 2 次 ERROR - The read operation timed out
[2026-08-14 11:02:57] 法人上市 [20260814] OK - 1325 筆（第 3 次）
[2026-08-14 11:02:58] 法人上櫃 [20260814] OK - 905 筆（第 1 次）
[2026-08-14 11:02:58] 法人已存 → /home/runner/work/stock/stock/data/institution/institution_20260814.json
[2026-08-14 11:02:58] 已刪除舊法人檔 → institution_20260805.json
[2026-08-14 11:02:58] ===== 完成 =====
[2026-08-14 11:02:58] 資料目錄: /home/runner/work/stock/stock/data
[2026-08-17 10:37:49] ===== 開始抓取 2026-08-17 =====
[2026-08-17 10:37:49] 損益表 2026_Q3 已存在，跳過
[2026-08-17 10:37:51] 價量上市 [20260817] OK - 1095 筆 TAIEX=45857.27
[2026-08-17 10:37:51] 月營收 [listed] OK - 1085 筆
[2026-08-17 10:37:51] 月營收 [otc] OK - 890 筆
[2026-08-17 10:37:52] 價量上櫃 [20260817] OK - 872 筆
[2026-08-17 10:37:52] 價量已存 → /home/runner/work/stock/stock/data/price/price_20260817.json
[2026-08-17 10:37:52] 月營收 [emerging] OK - 359 筆
[2026-08-17 10:37:52] 月營收已存 → /home/runner/work/stock/stock/data/revenue/revenue_2026_08.json
[2026-08-17 10:37:52] 法人上市 [20260817] OK - 1329 筆（第 1 次）
[2026-08-17 10:37:53] 法人上櫃 [20260817] OK - 911 筆（第 1 次）
[2026-08-17 10:37:53] 法人已存 → /home/runner/work/stock/stock/data/institution/institution_20260817.json
[2026-08-17 10:37:53] 已刪除舊法人檔 → institution_20260806.json
[2026-08-17 10:37:53] ===== 完成 =====
[2026-08-17 10:37:53] 資料目錄: /home/runner/work/stock/stock/data
[2026-08-18 10:34:50] ===== 開始抓取 2026-08-18 =====
[2026-08-18 10:34:50] 損益表 2026_Q3 已存在，跳過
[2026-08-18 10:34:52] 月營收 [listed] OK - 1085 筆
[2026-08-18 10:34:52] 法人上市 [20260818] OK - 1324 筆（第 1 次）
[2026-08-18 10:34:52] 價量上市 [20260818] OK - 1093 筆 TAIEX=45308.68
[2026-08-18 10:34:53] 法人上櫃 [20260818] OK - 916 筆（第 1 次）
[2026-08-18 10:34:53] 法人已存 → /home/runner/work/stock/stock/data/institution/institution_20260818.json
[2026-08-18 10:34:53] 已刪除舊法人檔 → institution_20260807.json
[2026-08-18 10:34:54] 月營收 [otc] OK - 890 筆
[2026-08-18 10:34:55] 月營收 [emerging] OK - 359 筆
[2026-08-18 10:34:55] 月營收已存 → /home/runner/work/stock/stock/data/revenue/revenue_2026_08.json
[2026-08-18 10:34:56] 價量上櫃 [20260818] OK - 863 筆
[2026-08-18 10:34:56] 價量已存 → /home/runner/work/stock/stock/data/price/price_20260818.json
[2026-08-18 10:34:56] ===== 完成 =====
[2026-08-18 10:34:56] 資料目錄: /home/runner/work/stock/stock/data
[2026-08-19 10:34:42] ===== 開始抓取 2026-08-19 =====
[2026-08-19 10:34:42] 損益表 2026_Q3 已存在，跳過
[2026-08-19 10:34:43] 價量上市 [20260819] OK - 1091 筆 TAIEX=44719.35
[2026-08-19 10:34:43] 月營收 [listed] OK - 1085 筆
[2026-08-19 10:34:44] 月營收 [otc] OK - 890 筆
[2026-08-19 10:34:45] 月營收 [emerging] OK - 359 筆
[2026-08-19 10:34:45] 月營收已存 → /home/runner/work/stock/stock/data/revenue/revenue_2026_08.json
[2026-08-19 10:34:46] 價量上櫃 [20260819] OK - 862 筆
[2026-08-19 10:34:46] 價量已存 → /home/runner/work/stock/stock/data/price/price_20260819.json
[2026-08-19 10:35:02] 法人上市 [20260819] 第 1 次 ERROR - The read operation timed out
[2026-08-19 10:35:19] 法人上市 [20260819] OK - 1332 筆（第 2 次）
[2026-08-19 10:35:21] 法人上櫃 [20260819] OK - 892 筆（第 1 次）
[2026-08-19 10:35:21] 法人已存 → /home/runner/work/stock/stock/data/institution/institution_20260819.json
[2026-08-19 10:35:21] 已刪除舊法人檔 → institution_20260810.json
[2026-08-19 10:35:21] ===== 完成 =====
[2026-08-19 10:35:21] 資料目錄: /home/runner/work/stock/stock/data
[2026-08-20 10:36:35] ===== 開始抓取 2026-08-20 =====
[2026-08-20 10:36:35] 損益表 2026_Q3 已存在，跳過
[2026-08-20 10:36:37] 法人上市 [20260820] 非交易日（很抱歉，沒有符合條件的資料!）
[2026-08-20 10:36:37] 法人上市 [20260820] 重試 4 次仍失敗 ❌
[2026-08-20 10:36:37] 價量上市 [20260820] OK - 1091 筆 TAIEX=44933.74
[2026-08-20 10:36:39] 月營收 [listed] OK - 1085 筆
[2026-08-20 10:36:43] 法人上櫃 [20260820] OK - 912 筆（第 1 次）
[2026-08-20 10:36:43] 法人已存 → /home/runner/work/stock/stock/data/institution/institution_20260820.json
[2026-08-20 10:36:43] 已刪除舊法人檔 → institution_20260811.json
[2026-08-20 10:36:49] 月營收 [otc] OK - 890 筆
[2026-08-20 10:36:55] 月營收 [emerging] OK - 359 筆
[2026-08-20 10:36:55] 月營收已存 → /home/runner/work/stock/stock/data/revenue/revenue_2026_08.json
[2026-08-20 10:37:04] 價量上櫃 [20260820] OK - 867 筆
[2026-08-20 10:37:04] 價量已存 → /home/runner/work/stock/stock/data/price/price_20260820.json
[2026-08-20 10:37:04] ===== 完成 =====
[2026-08-20 10:37:04] 資料目錄: /home/runner/work/stock/stock/data
[2026-08-21 10:36:03] ===== 開始抓取 2026-08-21 =====
[2026-08-21 10:36:03] 損益表 2026_Q3 已存在，跳過
[2026-08-21 10:36:04] 法人上市 [20260821] OK - 1324 筆（第 1 次）
[2026-08-21 10:36:04] 價量上市 [20260821] OK - 1087 筆 TAIEX=45224.29
[2026-08-21 10:36:05] 法人上櫃 [20260821] OK - 912 筆（第 1 次）
[2026-08-21 10:36:05] 法人已存 → /home/runner/work/stock/stock/data/institution/institution_20260821.json
[2026-08-21 10:36:05] 已刪除舊法人檔 → institution_20260812.json
[2026-08-21 10:36:05] 價量上櫃 [20260821] OK - 878 筆
[2026-08-21 10:36:05] 價量已存 → /home/runner/work/stock/stock/data/price/price_20260821.json
[2026-08-21 10:36:10] 月營收 [listed] OK - 1085 筆
[2026-08-21 10:36:12] 月營收 [otc] OK - 890 筆
[2026-08-21 10:36:13] 月營收 [emerging] OK - 359 筆
[2026-08-21 10:36:13] 月營收已存 → /home/runner/work/stock/stock/data/revenue/revenue_2026_08.json
[2026-08-21 10:36:13] ===== 完成 =====
[2026-08-21 10:36:13] 資料目錄: /home/runner/work/stock/stock/data
[2026-08-24 10:42:37] ===== 開始抓取 2026-08-24 =====
[2026-08-24 10:42:37] 損益表 2026_Q3 已存在，跳過
[2026-08-24 10:42:38] 價量上市 [20260824] OK - 1092 筆 TAIEX=44762.32
[2026-08-24 10:42:38] 月營收 [listed] OK - 1085 筆
[2026-08-24 10:42:39] 法人上市 [20260824] OK - 1326 筆（第 1 次）
[2026-08-24 10:42:43] 法人上櫃 [20260824] OK - 912 筆（第 1 次）
[2026-08-24 10:42:43] 法人已存 → /home/runner/work/stock/stock/data/institution/institution_20260824.json
[2026-08-24 10:42:43] 已刪除舊法人檔 → institution_20260813.json
[2026-08-24 10:42:45] 價量上櫃 [20260824] OK - 860 筆
[2026-08-24 10:42:45] 價量已存 → /home/runner/work/stock/stock/data/price/price_20260824.json
[2026-08-24 10:42:52] 月營收 [otc] OK - 890 筆
[2026-08-24 10:42:54] 月營收 [emerging] OK - 359 筆
[2026-08-24 10:42:54] 月營收已存 → /home/runner/work/stock/stock/data/revenue/revenue_2026_08.json
[2026-08-24 10:42:54] ===== 完成 =====
[2026-08-24 10:42:54] 資料目錄: /home/runner/work/stock/stock/data
[2026-08-25 10:38:52] ===== 開始抓取 2026-08-25 =====
[2026-08-25 10:38:52] 損益表 2026_Q3 已存在，跳過
[2026-08-25 10:38:53] 法人上市 [20260825] OK - 1331 筆（第 1 次）
[2026-08-25 10:38:53] 價量上市 [20260825] OK - 1090 筆 TAIEX=45169.46
[2026-08-25 10:38:55] 法人上櫃 [20260825] OK - 898 筆（第 1 次）
[2026-08-25 10:38:55] 法人已存 → /home/runner/work/stock/stock/data/institution/institution_20260825.json
[2026-08-25 10:38:55] 已刪除舊法人檔 → institution_20260814.json
[2026-08-25 10:39:04] 價量上櫃 [20260825] OK - 861 筆
[2026-08-25 10:39:04] 價量已存 → /home/runner/work/stock/stock/data/price/price_20260825.json
[2026-08-25 10:39:07] 月營收 [listed] OK - 1085 筆
[2026-08-25 10:39:08] 月營收 [otc] OK - 890 筆
[2026-08-25 10:39:11] 月營收 [emerging] OK - 359 筆
[2026-08-25 10:39:11] 月營收已存 → /home/runner/work/stock/stock/data/revenue/revenue_2026_08.json
[2026-08-25 10:39:11] ===== 完成 =====
[2026-08-25 10:39:11] 資料目錄: /home/runner/work/stock/stock/data
[2026-08-26 10:40:20] ===== 開始抓取 2026-08-26 =====
[2026-08-26 10:40:20] 損益表 2026_Q3 已存在，跳過
[2026-08-26 10:40:21] 法人上市 [20260826] OK - 1334 筆（第 1 次）
[2026-08-26 10:40:21] 價量上市 [20260826] OK - 1093 筆 TAIEX=45832.62
[2026-08-26 10:40:22] 月營收 [listed] OK - 1085 筆
[2026-08-26 10:40:22] 法人上櫃 [20260826] OK - 900 筆（第 1 次）
[2026-08-26 10:40:22] 法人已存 → /home/runner/work/stock/stock/data/institution/institution_20260826.json
[2026-08-26 10:40:22] 已刪除舊法人檔 → institution_20260817.json
[2026-08-26 10:40:25] 月營收 [otc] OK - 890 筆
[2026-08-26 10:40:26] 月營收 [emerging] OK - 359 筆
[2026-08-26 10:40:26] 月營收已存 → /home/runner/work/stock/stock/data/revenue/revenue_2026_08.json
[2026-08-26 10:40:48] 價量上櫃 [20260826] OK - 872 筆
[2026-08-26 10:40:48] 價量已存 → /home/runner/work/stock/stock/data/price/price_20260826.json
[2026-08-26 10:40:48] ===== 完成 =====
[2026-08-26 10:40:48] 資料目錄: /home/runner/work/stock/stock/data
[2026-08-27 20:15:30] ===== 開始抓取 2026-08-27 =====
[2026-08-27 20:15:30] 損益表 2026_Q3 已存在，跳過
[2026-08-27 20:15:32] 月營收 [listed] OK - 1085 筆
[2026-08-27 20:15:32] 價量上市 [20260827] OK - 1092 筆 TAIEX=45975.22
[2026-08-27 20:15:33] 月營收 [otc] OK - 890 筆
[2026-08-27 20:15:33] 法人上市 [20260827] OK - 1333 筆（第 1 次）
[2026-08-27 20:15:34] 月營收 [emerging] OK - 359 筆
[2026-08-27 20:15:34] 月營收已存 → /home/runner/work/stock/stock/data/revenue/revenue_2026_08.json
[2026-08-27 20:15:34] 法人上櫃 [20260827] OK - 905 筆（第 1 次）
[2026-08-27 20:15:34] 法人已存 → /home/runner/work/stock/stock/data/institution/institution_20260827.json
[2026-08-27 20:15:34] 已刪除舊法人檔 → institution_20260818.json
[2026-08-27 20:15:36] 價量上櫃 [20260827] OK - 868 筆
[2026-08-27 20:15:36] 價量已存 → /home/runner/work/stock/stock/data/price/price_20260827.json
[2026-08-27 20:15:36] ===== 完成 =====
[2026-08-27 20:15:36] 資料目錄: /home/runner/work/stock/stock/data
[2026-08-28 21:09:09] ===== 開始抓取 2026-08-28 =====
[2026-08-28 21:09:09] 損益表 2026_Q3 已存在，跳過
[2026-08-28 21:09:11] 價量上市 [20260828] OK - 1091 筆 TAIEX=46331.45
[2026-08-28 21:09:11] 月營收 [listed] OK - 1085 筆
[2026-08-28 21:09:12] 法人上市 [20260828] OK - 1329 筆（第 1 次）
[2026-08-28 21:09:13] 法人上櫃 [20260828] OK - 917 筆（第 1 次）
[2026-08-28 21:09:13] 法人已存 → /home/runner/work/stock/stock/data/institution/institution_20260828.json
[2026-08-28 21:09:13] 已刪除舊法人檔 → institution_20260819.json
[2026-08-28 21:09:13] 月營收 [otc] OK - 890 筆
[2026-08-28 21:09:14] 月營收 [emerging] OK - 359 筆
[2026-08-28 21:09:14] 月營收已存 → /home/runner/work/stock/stock/data/revenue/revenue_2026_08.json
[2026-08-28 21:09:16] 價量上櫃 [20260828] OK - 872 筆
[2026-08-28 21:09:16] 價量已存 → /home/runner/work/stock/stock/data/price/price_20260828.json
[2026-08-28 21:09:16] ===== 完成 =====
[2026-08-28 21:09:16] 資料目錄: /home/runner/work/stock/stock/data
[2026-08-31 17:30:01] ===== 開始抓取 2026-08-31 =====
[2026-08-31 17:30:01] 損益表 2026_Q3 已存在，跳過
[2026-08-31 17:30:02] 月營收 [listed] OK - 1085 筆
[2026-08-31 17:30:03] 法人上市 [20260831] OK - 1335 筆（第 1 次）
[2026-08-31 17:30:03] 月營收 [otc] OK - 890 筆
[2026-08-31 17:30:03] 價量上市 [20260831] OK - 1092 筆 TAIEX=46128.47
[2026-08-31 17:30:03] 月營收 [emerging] OK - 359 筆
[2026-08-31 17:30:03] 月營收已存 → /home/runner/work/stock/stock/data/revenue/revenue_2026_08.json
[2026-08-31 17:30:03] 價量上櫃 [20260831] OK - 859 筆
[2026-08-31 17:30:03] 價量已存 → /home/runner/work/stock/stock/data/price/price_20260831.json
[2026-08-31 17:30:03] 法人上櫃 [20260831] OK - 903 筆（第 1 次）
[2026-08-31 17:30:03] 法人已存 → /home/runner/work/stock/stock/data/institution/institution_20260831.json
[2026-08-31 17:30:03] 已刪除舊法人檔 → institution_20260820.json
[2026-08-31 17:30:03] ===== 完成 =====
[2026-08-31 17:30:03] 資料目錄: /home/runner/work/stock/stock/data
